Archive member included to satisfy reference by file (symbol)

c:/st/eclipse/plugins/fr.ac6.mcu.externaltools.arm-none.win32_1.13.2.201703061525/tools/compiler/bin/../lib/gcc/arm-none-eabi/5.4.1/../../../../arm-none-eabi/lib/armv7e-m/fpu\libc_nano.a(lib_a-exit.o)
                              c:/st/eclipse/plugins/fr.ac6.mcu.externaltools.arm-none.win32_1.13.2.201703061525/tools/compiler/bin/../lib/gcc/arm-none-eabi/5.4.1/../../../../arm-none-eabi/lib/armv7e-m/fpu/crt0.o (exit)
c:/st/eclipse/plugins/fr.ac6.mcu.externaltools.arm-none.win32_1.13.2.201703061525/tools/compiler/bin/../lib/gcc/arm-none-eabi/5.4.1/../../../../arm-none-eabi/lib/armv7e-m/fpu\libc_nano.a(lib_a-impure.o)
                              c:/st/eclipse/plugins/fr.ac6.mcu.externaltools.arm-none.win32_1.13.2.201703061525/tools/compiler/bin/../lib/gcc/arm-none-eabi/5.4.1/../../../../arm-none-eabi/lib/armv7e-m/fpu\libc_nano.a(lib_a-exit.o) (_global_impure_ptr)
c:/st/eclipse/plugins/fr.ac6.mcu.externaltools.arm-none.win32_1.13.2.201703061525/tools/compiler/bin/../lib/gcc/arm-none-eabi/5.4.1/../../../../arm-none-eabi/lib/armv7e-m/fpu\libc_nano.a(lib_a-init.o)
                              c:/st/eclipse/plugins/fr.ac6.mcu.externaltools.arm-none.win32_1.13.2.201703061525/tools/compiler/bin/../lib/gcc/arm-none-eabi/5.4.1/../../../../arm-none-eabi/lib/armv7e-m/fpu/crt0.o (__libc_init_array)
c:/st/eclipse/plugins/fr.ac6.mcu.externaltools.arm-none.win32_1.13.2.201703061525/tools/compiler/bin/../lib/gcc/arm-none-eabi/5.4.1/../../../../arm-none-eabi/lib/armv7e-m/fpu\libc_nano.a(lib_a-memcpy-stub.o)
                              Middlewares/Third_Party/FreeRTOS/Source/queue.o (memcpy)
c:/st/eclipse/plugins/fr.ac6.mcu.externaltools.arm-none.win32_1.13.2.201703061525/tools/compiler/bin/../lib/gcc/arm-none-eabi/5.4.1/../../../../arm-none-eabi/lib/armv7e-m/fpu\libc_nano.a(lib_a-memset.o)
                              c:/st/eclipse/plugins/fr.ac6.mcu.externaltools.arm-none.win32_1.13.2.201703061525/tools/compiler/bin/../lib/gcc/arm-none-eabi/5.4.1/../../../../arm-none-eabi/lib/armv7e-m/fpu/crt0.o (memset)
c:/st/eclipse/plugins/fr.ac6.mcu.externaltools.arm-none.win32_1.13.2.201703061525/tools/compiler/bin/../lib/gcc/arm-none-eabi/5.4.1/../../../../arm-none-eabi/lib/armv7e-m/fpu\libc_nano.a(lib_a-sprintf.o)
                              Src/lcd.o (sprintf)
c:/st/eclipse/plugins/fr.ac6.mcu.externaltools.arm-none.win32_1.13.2.201703061525/tools/compiler/bin/../lib/gcc/arm-none-eabi/5.4.1/../../../../arm-none-eabi/lib/armv7e-m/fpu\libc_nano.a(lib_a-strcpy.o)
                              Src/main.o (strcpy)
c:/st/eclipse/plugins/fr.ac6.mcu.externaltools.arm-none.win32_1.13.2.201703061525/tools/compiler/bin/../lib/gcc/arm-none-eabi/5.4.1/../../../../arm-none-eabi/lib/armv7e-m/fpu\libc_nano.a(lib_a-nano-svfprintf.o)
                              c:/st/eclipse/plugins/fr.ac6.mcu.externaltools.arm-none.win32_1.13.2.201703061525/tools/compiler/bin/../lib/gcc/arm-none-eabi/5.4.1/../../../../arm-none-eabi/lib/armv7e-m/fpu\libc_nano.a(lib_a-sprintf.o) (_svfprintf_r)
c:/st/eclipse/plugins/fr.ac6.mcu.externaltools.arm-none.win32_1.13.2.201703061525/tools/compiler/bin/../lib/gcc/arm-none-eabi/5.4.1/../../../../arm-none-eabi/lib/armv7e-m/fpu\libc_nano.a(lib_a-nano-vfprintf_i.o)
                              c:/st/eclipse/plugins/fr.ac6.mcu.externaltools.arm-none.win32_1.13.2.201703061525/tools/compiler/bin/../lib/gcc/arm-none-eabi/5.4.1/../../../../arm-none-eabi/lib/armv7e-m/fpu\libc_nano.a(lib_a-nano-svfprintf.o) (_printf_i)
c:/st/eclipse/plugins/fr.ac6.mcu.externaltools.arm-none.win32_1.13.2.201703061525/tools/compiler/bin/../lib/gcc/arm-none-eabi/5.4.1/../../../../arm-none-eabi/lib/armv7e-m/fpu\libc_nano.a(lib_a-memchr.o)
                              c:/st/eclipse/plugins/fr.ac6.mcu.externaltools.arm-none.win32_1.13.2.201703061525/tools/compiler/bin/../lib/gcc/arm-none-eabi/5.4.1/../../../../arm-none-eabi/lib/armv7e-m/fpu\libc_nano.a(lib_a-nano-svfprintf.o) (memchr)
c:/st/eclipse/plugins/fr.ac6.mcu.externaltools.arm-none.win32_1.13.2.201703061525/tools/compiler/bin/../lib/gcc/arm-none-eabi/5.4.1/../../../../arm-none-eabi/lib/armv7e-m/fpu\libc_nano.a(lib_a-memmove.o)
                              c:/st/eclipse/plugins/fr.ac6.mcu.externaltools.arm-none.win32_1.13.2.201703061525/tools/compiler/bin/../lib/gcc/arm-none-eabi/5.4.1/../../../../arm-none-eabi/lib/armv7e-m/fpu\libc_nano.a(lib_a-nano-svfprintf.o) (memmove)
c:/st/eclipse/plugins/fr.ac6.mcu.externaltools.arm-none.win32_1.13.2.201703061525/tools/compiler/bin/../lib/gcc/arm-none-eabi/5.4.1/../../../../arm-none-eabi/lib/armv7e-m/fpu\libc_nano.a(lib_a-nano-freer.o)
                              c:/st/eclipse/plugins/fr.ac6.mcu.externaltools.arm-none.win32_1.13.2.201703061525/tools/compiler/bin/../lib/gcc/arm-none-eabi/5.4.1/../../../../arm-none-eabi/lib/armv7e-m/fpu\libc_nano.a(lib_a-nano-svfprintf.o) (_free_r)
[...]
Memory Configuration

Name             Origin             Length             Attributes
RAM              0x20000000         0x00020000         xrw
FLASH            0x08000000         0x00080000         xr
*default*        0x00000000         0xffffffff

Linker script and memory map

LOAD c:/st/eclipse/plugins/fr.ac6.mcu.externaltools.arm-none.win32_1.13.2.201703061525/tools/compiler/bin/../lib/gcc/arm-none-eabi/5.4.1/armv7e-m/fpu/crti.o
LOAD c:/st/eclipse/plugins/fr.ac6.mcu.externaltools.arm-none.win32_1.13.2.201703061525/tools/compiler/bin/../lib/gcc/arm-none-eabi/5.4.1/armv7e-m/fpu/crtbegin.o
LOAD c:/st/eclipse/plugins/fr.ac6.mcu.externaltools.arm-none.win32_1.13.2.201703061525/tools/compiler/bin/../lib/gcc/arm-none-eabi/5.4.1/../../../../arm-none-eabi/lib/armv7e-m/fpu/crt0.o
LOAD c:/st/eclipse/plugins/fr.ac6.mcu.externaltools.arm-none.win32_1.13.2.201703061525/tools/compiler/bin/../lib/gcc/arm-none-eabi/5.4.1/../../../../arm-none-eabi/lib/armv7e-m/fpu\libm.a
LOAD Drivers/STM32F4xx_HAL_Driver/Src/stm32f4xx_hal.o
LOAD Drivers/STM32F4xx_HAL_Driver/Src/stm32f4xx_hal_cortex.o
LOAD Drivers/STM32F4xx_HAL_Driver/Src/stm32f4xx_hal_dma.o
LOAD Drivers/STM32F4xx_HAL_Driver/Src/stm32f4xx_hal_dma_ex.o
LOAD Drivers/STM32F4xx_HAL_Driver/Src/stm32f4xx_hal_flash.o
LOAD Drivers/STM32F4xx_HAL_Driver/Src/stm32f4xx_hal_flash_ex.o
LOAD Drivers/STM32F4xx_HAL_Driver/Src/stm32f4xx_hal_flash_ramfunc.o
LOAD Drivers/STM32F4xx_HAL_Driver/Src/stm32f4xx_hal_gpio.o
LOAD Drivers/STM32F4xx_HAL_Driver/Src/stm32f4xx_hal_pwr.o
LOAD Drivers/STM32F4xx_HAL_Driver/Src/stm32f4xx_hal_pwr_ex.o
LOAD Drivers/STM32F4xx_HAL_Driver/Src/stm32f4xx_hal_rcc.o
LOAD Drivers/STM32F4xx_HAL_Driver/Src/stm32f4xx_hal_rcc_ex.o
LOAD Drivers/STM32F4xx_HAL_Driver/Src/stm32f4xx_hal_tim.o
LOAD Drivers/STM32F4xx_HAL_Driver/Src/stm32f4xx_hal_tim_ex.o
LOAD Drivers/STM32F4xx_HAL_Driver/Src/stm32f4xx_hal_uart.o
LOAD Middlewares/Third_Party/FreeRTOS/Source/CMSIS_RTOS/cmsis_os.o
LOAD Middlewares/Third_Party/FreeRTOS/Source/croutine.o
LOAD Middlewares/Third_Party/FreeRTOS/Source/event_groups.o
LOAD Middlewares/Third_Party/FreeRTOS/Source/list.o
LOAD Middlewares/Third_Party/FreeRTOS/Source/queue.o
LOAD Middlewares/Third_Party/FreeRTOS/Source/tasks.o
LOAD Middlewares/Third_Party/FreeRTOS/Source/timers.o
LOAD Middlewares/Third_Party/FreeRTOS/Source/portable/GCC/ARM_CM4F/port.o
LOAD Middlewares/Third_Party/FreeRTOS/Source/portable/MemMang/heap_4.o
LOAD Src/freertos.o
LOAD Src/lcd.o
LOAD Src/main.o
LOAD Src/stm32f4xx_hal_msp.o
LOAD Src/stm32f4xx_hal_timebase_TIM.o
LOAD Src/stm32f4xx_it.o
LOAD Src/system_stm32f4xx.o
LOAD startup/startup_stm32f446xx.o
START GROUP
LOAD c:/st/eclipse/plugins/fr.ac6.mcu.externaltools.arm-none.win32_1.13.2.201703061525/tools/compiler/bin/../lib/gcc/arm-none-eabi/5.4.1/armv7e-m/fpu\libgcc.a
LOAD c:/st/eclipse/plugins/fr.ac6.mcu.externaltools.arm-none.win32_1.13.2.201703061525/tools/compiler/bin/../lib/gcc/arm-none-eabi/5.4.1/../../../../arm-none-eabi/lib/armv7e-m/fpu\libc_nano.a
END GROUP
START GROUP
LOAD c:/st/eclipse/plugins/fr.ac6.mcu.externaltools.arm-none.win32_1.13.2.201703061525/tools/compiler/bin/../lib/gcc/arm-none-eabi/5.4.1/armv7e-m/fpu\libgcc.a
LOAD c:/st/eclipse/plugins/fr.ac6.mcu.externaltools.arm-none.win32_1.13.2.201703061525/tools/compiler/bin/../lib/gcc/arm-none-eabi/5.4.1/../../../../arm-none-eabi/lib/armv7e-m/fpu\libc_nano.a
LOAD c:/st/eclipse/plugins/fr.ac6.mcu.externaltools.arm-none.win32_1.13.2.201703061525/tools/compiler/bin/../lib/gcc/arm-none-eabi/5.4.1/../../../../arm-none-eabi/lib/armv7e-m/fpu\libnosys.a
END GROUP
START GROUP
LOAD c:/st/eclipse/plugins/fr.ac6.mcu.externaltools.arm-none.win32_1.13.2.201703061525/tools/compiler/bin/../lib/gcc/arm-none-eabi/5.4.1/armv7e-m/fpu\libgcc.a
LOAD c:/st/eclipse/plugins/fr.ac6.mcu.externaltools.arm-none.win32_1.13.2.201703061525/tools/compiler/bin/../lib/gcc/arm-none-eabi/5.4.1/../../../../arm-none-eabi/lib/armv7e-m/fpu\libc_nano.a
LOAD c:/st/eclipse/plugins/fr.ac6.mcu.externaltools.arm-none.win32_1.13.2.201703061525/tools/compiler/bin/../lib/gcc/arm-none-eabi/5.4.1/../../../../arm-none-eabi/lib/armv7e-m/fpu\libnosys.a
END GROUP
LOAD c:/st/eclipse/plugins/fr.ac6.mcu.externaltools.arm-none.win32_1.13.2.201703061525/tools/compiler/bin/../lib/gcc/arm-none-eabi/5.4.1/armv7e-m/fpu/crtend.o
LOAD c:/st/eclipse/plugins/fr.ac6.mcu.externaltools.arm-none.win32_1.13.2.201703061525/tools/compiler/bin/../lib/gcc/arm-none-eabi/5.4.1/armv7e-m/fpu/crtn.o
                0x20020000                _estack = 0x20020000
                0x00000200                _Min_Heap_Size = 0x200
                0x00000400                _Min_Stack_Size = 0x400

.isr_vector     0x08000000      0x1c4
                0x08000000                . = ALIGN (0x4)
 *(.isr_vector)
 .isr_vector    0x08000000      0x1c4 startup/startup_stm32f446xx.o
                0x08000000                g_pfnVectors
                0x080001c4                . = ALIGN (0x4)

.text           0x080001d0     0x389c
                0x080001d0                . = ALIGN (0x4)
 *(.text)
 .text          0x080001d0       0x5c c:/st/eclipse/plugins/fr.ac6.mcu.externaltools.arm-none.win32_1.13.2.201703061525/tools/compiler/bin/../lib/gcc/arm-none-eabi/5.4.1/armv7e-m/fpu/crtbegin.o
 *fill*         0x0800022c        0x4 
 .text          0x08000230       0xa0 c:/st/eclipse/plugins/fr.ac6.mcu.externaltools.arm-none.win32_1.13.2.201703061525/tools/compiler/bin/../lib/gcc/arm-none-eabi/5.4.1/../../../../arm-none-eabi/lib/armv7e-m/fpu\libc_nano.a(lib_a-memchr.o)
                0x08000230                memchr
 *(.text*)
 .text.HAL_Init
                0x080002d0       0x34 Drivers/STM32F4xx_HAL_Driver/Src/stm32f4xx_hal.o
                0x080002d0                HAL_Init
 .text.HAL_IncTick
                0x08000304       0x10 Drivers/STM32F4xx_HAL_Driver/Src/stm32f4xx_hal.o
                0x08000304                HAL_IncTick
 .text.HAL_GetTick
                0x08000314        0xc Drivers/STM32F4xx_HAL_Driver/Src/stm32f4xx_hal.o
                0x08000314                HAL_GetTick
 .text.HAL_Delay
                0x08000320       0x1a Drivers/STM32F4xx_HAL_Driver/Src/stm32f4xx_hal.o
                0x08000320                HAL_Delay
 *fill*         0x0800033a        0x2 
 .text.HAL_NVIC_SetPriorityGrouping
                0x0800033c       0x24 Drivers/STM32F4xx_HAL_Driver/Src/stm32f4xx_hal_cortex.o
                0x0800033c                HAL_NVIC_SetPriorityGrouping
 .text.HAL_NVIC_SetPriority
                0x08000360       0x68 Drivers/STM32F4xx_HAL_Driver/Src/stm32f4xx_hal_cortex.o
                0x08000360                HAL_NVIC_SetPriority
 .text.HAL_NVIC_EnableIRQ
                0x080003c8       0x18 Drivers/STM32F4xx_HAL_Driver/Src/stm32f4xx_hal_cortex.o
                0x080003c8                HAL_NVIC_EnableIRQ
 .text.HAL_SYSTICK_Config
                0x080003e0       0x2c Drivers/STM32F4xx_HAL_Driver/Src/stm32f4xx_hal_cortex.o
                0x080003e0                HAL_SYSTICK_Config
 .text.HAL_SYSTICK_CLKSourceConfig
                0x0800040c       0x18 Drivers/STM32F4xx_HAL_Driver/Src/stm32f4xx_hal_cortex.o
                0x0800040c                HAL_SYSTICK_CLKSourceConfig
 .text.DMA_CalcBaseAndBitshift
                0x08000424       0x2c Drivers/STM32F4xx_HAL_Driver/Src/stm32f4xx_hal_dma.o
 .text.HAL_DMA_Init
                0x08000450       0xec Drivers/STM32F4xx_HAL_Driver/Src/stm32f4xx_hal_dma.o
                0x08000450                HAL_DMA_Init
 .text.HAL_DMA_IRQHandler
                0x0800053c      0x17c Drivers/STM32F4xx_HAL_Driver/Src/stm32f4xx_hal_dma.o
                0x0800053c                HAL_DMA_IRQHandler
 .text.HAL_GPIO_Init
                0x080006b8      0x1b4 Drivers/STM32F4xx_HAL_Driver/Src/stm32f4xx_hal_gpio.o
                0x080006b8                HAL_GPIO_Init
 .text.HAL_GPIO_ReadPin
                0x0800086c        0xc Drivers/STM32F4xx_HAL_Driver/Src/stm32f4xx_hal_gpio.o
                0x0800086c                HAL_GPIO_ReadPin
 .text.HAL_GPIO_WritePin
                0x08000878        0x8 Drivers/STM32F4xx_HAL_Driver/Src/stm32f4xx_hal_gpio.o
                0x08000878                HAL_GPIO_WritePin
 .text.HAL_RCC_ClockConfig
                0x08000880      0x168 Drivers/STM32F4xx_HAL_Driver/Src/stm32f4xx_hal_rcc.o
                0x08000880                HAL_RCC_ClockConfig
 .text.HAL_RCC_GetHCLKFreq
                0x080009e8        0xc Drivers/STM32F4xx_HAL_Driver/Src/stm32f4xx_hal_rcc.o
                0x080009e8                HAL_RCC_GetHCLKFreq
 .text.HAL_RCC_GetPCLK1Freq
                0x080009f4       0x30 Drivers/STM32F4xx_HAL_Driver/Src/stm32f4xx_hal_rcc.o
                0x080009f4                HAL_RCC_GetPCLK1Freq
 .text.HAL_RCC_GetPCLK2Freq
                0x08000a24       0x30 Drivers/STM32F4xx_HAL_Driver/Src/stm32f4xx_hal_rcc.o
                0x08000a24                HAL_RCC_GetPCLK2Freq
 .text.HAL_RCC_GetClockConfig
                0x08000a54       0x3c Drivers/STM32F4xx_HAL_Driver/Src/stm32f4xx_hal_rcc.o
                0x08000a54                HAL_RCC_GetClockConfig
 .text.HAL_RCC_OscConfig
                0x08000a90      0x358 Drivers/STM32F4xx_HAL_Driver/Src/stm32f4xx_hal_rcc_ex.o
                0x08000a90                HAL_RCC_OscConfig
 .text.HAL_RCC_GetSysClockFreq
                0x08000de8       0xd0 Drivers/STM32F4xx_HAL_Driver/Src/stm32f4xx_hal_rcc_ex.o
                0x08000de8                HAL_RCC_GetSysClockFreq
 .text.TIM_OC1_SetConfig
                0x08000eb8       0x58 Drivers/STM32F4xx_HAL_Driver/Src/stm32f4xx_hal_tim.o
 .text.TIM_OC3_SetConfig
                0x08000f10       0x60 Drivers/STM32F4xx_HAL_Driver/Src/stm32f4xx_hal_tim.o
 .text.TIM_OC4_SetConfig
                0x08000f70       0x50 Drivers/STM32F4xx_HAL_Driver/Src/stm32f4xx_hal_tim.o
 .text.TIM_SlaveTimer_SetConfig
                0x08000fc0       0xa6 Drivers/STM32F4xx_HAL_Driver/Src/stm32f4xx_hal_tim.o
 .text.HAL_TIM_Base_Start
                0x08001066       0x1a Drivers/STM32F4xx_HAL_Driver/Src/stm32f4xx_hal_tim.o
                0x08001066                HAL_TIM_Base_Start
 .text.HAL_TIM_Base_Start_IT
                0x08001080       0x16 Drivers/STM32F4xx_HAL_Driver/Src/stm32f4xx_hal_tim.o
                0x08001080                HAL_TIM_Base_Start_IT
 .text.HAL_TIM_PWM_MspInit
                0x08001096        0x2 Drivers/STM32F4xx_HAL_Driver/Src/stm32f4xx_hal_tim.o
                0x08001096                HAL_TIM_PWM_MspInit
 .text.HAL_TIM_OnePulse_MspInit
                0x08001098        0x2 Drivers/STM32F4xx_HAL_Driver/Src/stm32f4xx_hal_tim.o
                0x08001098                HAL_TIM_OnePulse_MspInit
 .text.HAL_TIM_ConfigClockSource
                0x0800109a      0x174 Drivers/STM32F4xx_HAL_Driver/Src/stm32f4xx_hal_tim.o
                0x0800109a                HAL_TIM_ConfigClockSource
 .text.HAL_TIM_SlaveConfigSynchronization
                0x0800120e       0x40 Drivers/STM32F4xx_HAL_Driver/Src/stm32f4xx_hal_tim.o
                0x0800120e                HAL_TIM_SlaveConfigSynchronization
 .text.HAL_TIM_OC_DelayElapsedCallback
                0x0800124e        0x2 Drivers/STM32F4xx_HAL_Driver/Src/stm32f4xx_hal_tim.o
                0x0800124e                HAL_TIM_OC_DelayElapsedCallback
 .text.HAL_TIM_IC_CaptureCallback
                0x08001250        0x2 Drivers/STM32F4xx_HAL_Driver/Src/stm32f4xx_hal_tim.o
                0x08001250                HAL_TIM_IC_CaptureCallback
 .text.HAL_TIM_PWM_PulseFinishedCallback
                0x08001252        0x2 Drivers/STM32F4xx_HAL_Driver/Src/stm32f4xx_hal_tim.o
                0x08001252                HAL_TIM_PWM_PulseFinishedCallback
 .text.HAL_TIM_TriggerCallback
                0x08001254        0x2 Drivers/STM32F4xx_HAL_Driver/Src/stm32f4xx_hal_tim.o
                0x08001254                HAL_TIM_TriggerCallback
 .text.HAL_TIM_IRQHandler
                0x08001256      0x144 Drivers/STM32F4xx_HAL_Driver/Src/stm32f4xx_hal_tim.o
                0x08001256                HAL_TIM_IRQHandler
 *fill*         0x0800139a        0x2 
 .text.TIM_Base_SetConfig
                0x0800139c       0xc8 Drivers/STM32F4xx_HAL_Driver/Src/stm32f4xx_hal_tim.o
                0x0800139c                TIM_Base_SetConfig
 .text.HAL_TIM_Base_Init
                0x08001464       0x34 Drivers/STM32F4xx_HAL_Driver/Src/stm32f4xx_hal_tim.o
                0x08001464                HAL_TIM_Base_Init
 .text.HAL_TIM_PWM_Init
                0x08001498       0x34 Drivers/STM32F4xx_HAL_Driver/Src/stm32f4xx_hal_tim.o
                0x08001498                HAL_TIM_PWM_Init
 .text.HAL_TIM_OnePulse_Init
                0x080014cc       0x46 Drivers/STM32F4xx_HAL_Driver/Src/stm32f4xx_hal_tim.o
                0x080014cc                HAL_TIM_OnePulse_Init
 *fill*         0x08001512        0x2 
 .text.TIM_OC2_SetConfig
                0x08001514       0x64 Drivers/STM32F4xx_HAL_Driver/Src/stm32f4xx_hal_tim.o
                0x08001514                TIM_OC2_SetConfig
 .text.HAL_TIM_PWM_ConfigChannel
                0x08001578       0xc6 Drivers/STM32F4xx_HAL_Driver/Src/stm32f4xx_hal_tim.o
                0x08001578                HAL_TIM_PWM_ConfigChannel
 .text.TIM_CCxChannelCmd
                0x0800163e       0x1a Drivers/STM32F4xx_HAL_Driver/Src/stm32f4xx_hal_tim.o
                0x0800163e                TIM_CCxChannelCmd
 .text.HAL_TIM_PWM_Start
                0x08001658       0x34 Drivers/STM32F4xx_HAL_Driver/Src/stm32f4xx_hal_tim.o
                0x08001658                HAL_TIM_PWM_Start
 .text.HAL_TIMEx_MasterConfigSynchronization
                0x0800168c       0x44 Drivers/STM32F4xx_HAL_Driver/Src/stm32f4xx_hal_tim_ex.o
                0x0800168c                HAL_TIMEx_MasterConfigSynchronization
 .text.HAL_TIMEx_ConfigBreakDeadTime
                0x080016d0       0x40 Drivers/STM32F4xx_HAL_Driver/Src/stm32f4xx_hal_tim_ex.o
                0x080016d0                HAL_TIMEx_ConfigBreakDeadTime
 .text.HAL_TIMEx_CommutationCallback
                0x08001710        0x2 Drivers/STM32F4xx_HAL_Driver/Src/stm32f4xx_hal_tim_ex.o
                0x08001710                HAL_TIMEx_CommutationCallback
 .text.HAL_TIMEx_BreakCallback
                0x08001712        0x2 Drivers/STM32F4xx_HAL_Driver/Src/stm32f4xx_hal_tim_ex.o
                0x08001712                HAL_TIMEx_BreakCallback
 .text.UART_SetConfig
                0x08001714      0x23c Drivers/STM32F4xx_HAL_Driver/Src/stm32f4xx_hal_uart.o
 .text.UART_WaitOnFlagUntilTimeout.constprop.3
                0x08001950       0x50 Drivers/STM32F4xx_HAL_Driver/Src/stm32f4xx_hal_uart.o
 .text.HAL_UART_Init
                0x080019a0       0x5c Drivers/STM32F4xx_HAL_Driver/Src/stm32f4xx_hal_uart.o
                0x080019a0                HAL_UART_Init
 .text.HAL_UART_Receive
                0x080019fc       0xbe Drivers/STM32F4xx_HAL_Driver/Src/stm32f4xx_hal_uart.o
                0x080019fc                HAL_UART_Receive
 .text.osKernelStart
                0x08001aba        0xa Middlewares/Third_Party/FreeRTOS/Source/CMSIS_RTOS/cmsis_os.o
                0x08001aba                osKernelStart
 .text.osThreadCreate
                0x08001ac4       0x38 Middlewares/Third_Party/FreeRTOS/Source/CMSIS_RTOS/cmsis_os.o
                0x08001ac4                osThreadCreate
 .text.osDelay  0x08001afc       0x10 Middlewares/Third_Party/FreeRTOS/Source/CMSIS_RTOS/cmsis_os.o
                0x08001afc                osDelay
 .text.osSystickHandler
                0x08001b0c       0x14 Middlewares/Third_Party/FreeRTOS/Source/CMSIS_RTOS/cmsis_os.o
                0x08001b0c                osSystickHandler
 .text.vListInitialise
                0x08001b20       0x16 Middlewares/Third_Party/FreeRTOS/Source/list.o
                0x08001b20                vListInitialise
 .text.vListInitialiseItem
                0x08001b36        0x6 Middlewares/Third_Party/FreeRTOS/Source/list.o
                0x08001b36                vListInitialiseItem
 .text.vListInsertEnd
                0x08001b3c       0x18 Middlewares/Third_Party/FreeRTOS/Source/list.o
                0x08001b3c                vListInsertEnd
 .text.vListInsert
                0x08001b54       0x30 Middlewares/Third_Party/FreeRTOS/Source/list.o
                0x08001b54                vListInsert
 .text.uxListRemove
                0x08001b84       0x20 Middlewares/Third_Party/FreeRTOS/Source/list.o
                0x08001b84                uxListRemove
 .text.prvResetNextTaskUnblockTime
                0x08001ba4       0x20 Middlewares/Third_Party/FreeRTOS/Source/tasks.o
 .text.prvAddCurrentTaskToDelayedList
                0x08001bc4       0x38 Middlewares/Third_Party/FreeRTOS/Source/tasks.o
 .text.xTaskGenericCreate.part.5
                0x08001bfc      0x1a0 Middlewares/Third_Party/FreeRTOS/Source/tasks.o
 .text.xTaskGenericCreate
                0x08001d9c       0x3c Middlewares/Third_Party/FreeRTOS/Source/tasks.o
                0x08001d9c                xTaskGenericCreate
 .text.vTaskStartScheduler
                0x08001dd8       0x68 Middlewares/Third_Party/FreeRTOS/Source/tasks.o
                0x08001dd8                vTaskStartScheduler
 .text.vTaskSuspendAll
                0x08001e40       0x14 Middlewares/Third_Party/FreeRTOS/Source/tasks.o
                0x08001e40                vTaskSuspendAll
 .text.xTaskIncrementTick
                0x08001e54       0xf4 Middlewares/Third_Party/FreeRTOS/Source/tasks.o
                0x08001e54                xTaskIncrementTick
 .text.xTaskResumeAll
                0x08001f48       0xe8 Middlewares/Third_Party/FreeRTOS/Source/tasks.o
                0x08001f48                xTaskResumeAll
 .text.vTaskDelay
                0x08002030       0x70 Middlewares/Third_Party/FreeRTOS/Source/tasks.o
                0x08002030                vTaskDelay
 .text.prvIdleTask
                0x080020a0       0x70 Middlewares/Third_Party/FreeRTOS/Source/tasks.o
 .text.vTaskSwitchContext
                0x08002110       0x68 Middlewares/Third_Party/FreeRTOS/Source/tasks.o
                0x08002110                vTaskSwitchContext
 .text.xTaskGetSchedulerState
                0x08002178       0x20 Middlewares/Third_Party/FreeRTOS/Source/tasks.o
                0x08002178                xTaskGetSchedulerState
 .text.prvTaskExitError
                0x08002198       0x30 Middlewares/Third_Party/FreeRTOS/Source/portable/GCC/ARM_CM4F/port.o
 .text.prvPortStartFirstTask
                0x080021c8       0x20 Middlewares/Third_Party/FreeRTOS/Source/portable/GCC/ARM_CM4F/port.o
 .text.vPortEnableVFP
                0x080021e8       0x14 Middlewares/Third_Party/FreeRTOS/Source/portable/GCC/ARM_CM4F/port.o
 .text.pxPortInitialiseStack
                0x080021fc       0x24 Middlewares/Third_Party/FreeRTOS/Source/portable/GCC/ARM_CM4F/port.o
                0x080021fc                pxPortInitialiseStack
 .text.SVC_Handler
                0x08002220       0x20 Middlewares/Third_Party/FreeRTOS/Source/portable/GCC/ARM_CM4F/port.o
                0x08002220                SVC_Handler
 .text.vPortEnterCritical
                0x08002240       0x44 Middlewares/Third_Party/FreeRTOS/Source/portable/GCC/ARM_CM4F/port.o
                0x08002240                vPortEnterCritical
 .text.vPortExitCritical
                0x08002284       0x28 Middlewares/Third_Party/FreeRTOS/Source/portable/GCC/ARM_CM4F/port.o
                0x08002284                vPortExitCritical
 .text.PendSV_Handler
                0x080022ac       0x60 Middlewares/Third_Party/FreeRTOS/Source/portable/GCC/ARM_CM4F/port.o
                0x080022ac                PendSV_Handler
 .text.xPortSysTickHandler
                0x0800230c       0x30 Middlewares/Third_Party/FreeRTOS/Source/portable/GCC/ARM_CM4F/port.o
                0x0800230c                xPortSysTickHandler
 .text.vPortSetupTimerInterrupt
                0x0800233c       0x28 Middlewares/Third_Party/FreeRTOS/Source/portable/GCC/ARM_CM4F/port.o
                0x0800233c                vPortSetupTimerInterrupt
 .text.xPortStartScheduler
                0x08002364       0xe4 Middlewares/Third_Party/FreeRTOS/Source/portable/GCC/ARM_CM4F/port.o
                0x08002364                xPortStartScheduler
 .text.unlikely.prvInsertBlockIntoFreeList
                0x08002448       0x44 Middlewares/Third_Party/FreeRTOS/Source/portable/MemMang/heap_4.o
 .text.pvPortMalloc
                0x0800248c      0x120 Middlewares/Third_Party/FreeRTOS/Source/portable/MemMang/heap_4.o
                0x0800248c                pvPortMalloc
 .text.vPortFree
                0x080025ac       0x70 Middlewares/Third_Party/FreeRTOS/Source/portable/MemMang/heap_4.o
                0x080025ac                vPortFree
 .text.tempo_us
                0x0800261c       0x18 Src/lcd.o
                0x0800261c                tempo_us
 .text.enable   0x08002634       0x28 Src/lcd.o
                0x08002634                enable
 .text.lcd_write
                0x0800265c       0x9c Src/lcd.o
                0x0800265c                lcd_write
 .text.lcd_puts
                0x080026f8       0x24 Src/lcd.o
                0x080026f8                lcd_puts
 .text.lcd_printd
                0x0800271c       0x1c Src/lcd.o
                0x0800271c                lcd_printd
 .text.lcd_clear
                0x08002738       0x24 Src/lcd.o
                0x08002738                lcd_clear
 .text.lcd_init
                0x0800275c       0x88 Src/lcd.o
                0x0800275c                lcd_init
 .text.Comanda_Display_Task
                0x080027e4       0x78 Src/main.o
                0x080027e4                Comanda_Display_Task
 .text.Leitura_Tempo_Task
                0x0800285c       0x48 Src/main.o
                0x0800285c                Leitura_Tempo_Task
 .text.Disparo_Tirist_Task
                0x080028a4       0x84 Src/main.o
                0x080028a4                Disparo_Tirist_Task
 .text.Start_Stop_Task
                0x08002928       0x58 Src/main.o
                0x08002928                Start_Stop_Task
 .text.Comunica_PC_Task
                0x08002980       0x7c Src/main.o
                0x08002980                Comunica_PC_Task
 .text.Detector_Corent_Task
                0x080029fc       0x24 Src/main.o
                0x080029fc                Detector_Corent_Task
 .text.SystemClock_Config
                0x08002a20       0xac Src/main.o
                0x08002a20                SystemClock_Config
 .text.startup.main
                0x08002acc      0x384 Src/main.o
                0x08002acc                main
 .text.HAL_TIM_PeriodElapsedCallback
                0x08002e50       0x14 Src/main.o
                0x08002e50                HAL_TIM_PeriodElapsedCallback
 .text.Error_Handler
                0x08002e64        0x2 Src/main.o
                0x08002e64                Error_Handler
 .text.HAL_MspInit
                0x08002e66       0x60 Src/stm32f4xx_hal_msp.o
                0x08002e66                HAL_MspInit
 *fill*         0x08002ec6        0x2 
 .text.HAL_TIM_Base_MspInit
                0x08002ec8       0xa8 Src/stm32f4xx_hal_msp.o
                0x08002ec8                HAL_TIM_Base_MspInit
 .text.HAL_TIM_MspPostInit
                0x08002f70       0x34 Src/stm32f4xx_hal_msp.o
                0x08002f70                HAL_TIM_MspPostInit
 .text.HAL_UART_MspInit
                0x08002fa4       0x98 Src/stm32f4xx_hal_msp.o
                0x08002fa4                HAL_UART_MspInit
 .text.HAL_InitTick
                0x0800303c       0x7c Src/stm32f4xx_hal_timebase_TIM.o
                0x0800303c                HAL_InitTick
 .text.SysTick_Handler
                0x080030b8        0x4 Src/stm32f4xx_it.o
                0x080030b8                SysTick_Handler
 .text.DMA1_Stream5_IRQHandler
                0x080030bc        0xc Src/stm32f4xx_it.o
                0x080030bc                DMA1_Stream5_IRQHandler
 .text.TIM8_TRG_COM_TIM14_IRQHandler
                0x080030c8       0x1c Src/stm32f4xx_it.o
                0x080030c8                TIM8_TRG_COM_TIM14_IRQHandler
 .text.SystemInit
                0x080030e4       0x4c Src/system_stm32f4xx.o
                0x080030e4                SystemInit
 .text.Reset_Handler
                0x08003130       0x50 startup/startup_stm32f446xx.o
                0x08003130                Reset_Handler
 .text.Default_Handler
                0x08003180        0x2 startup/startup_stm32f446xx.o
                0x08003180                RTC_Alarm_IRQHandler
                0x08003180                EXTI2_IRQHandler
                0x08003180                TIM8_CC_IRQHandler
                0x08003180                DebugMon_Handler
                0x08003180                SPI4_IRQHandler
                0x08003180                TIM1_CC_IRQHandler
                0x08003180                DMA2_Stream5_IRQHandler
                0x08003180                HardFault_Handler
                0x08003180                PVD_IRQHandler
                0x08003180                SDIO_IRQHandler
                0x08003180                TAMP_STAMP_IRQHandler
                0x08003180                NMI_Handler
                0x08003180                CAN2_RX1_IRQHandler
                0x08003180                EXTI3_IRQHandler
                0x08003180                TIM1_UP_TIM10_IRQHandler
                0x08003180                TIM8_UP_TIM13_IRQHandler
                0x08003180                I2C3_ER_IRQHandler
                0x08003180                FMPI2C1_Event_IRQHandler
                0x08003180                EXTI0_IRQHandler
                0x08003180                I2C2_EV_IRQHandler
                0x08003180                DMA1_Stream2_IRQHandler
                0x08003180                CAN1_RX0_IRQHandler
                0x08003180                FPU_IRQHandler
                0x08003180                OTG_HS_WKUP_IRQHandler
                0x08003180                UsageFault_Handler
                0x08003180                CAN2_SCE_IRQHandler
                0x08003180                DMA2_Stream2_IRQHandler
                0x08003180                SPI1_IRQHandler
                0x08003180                TIM6_DAC_IRQHandler
                0x08003180                TIM1_BRK_TIM9_IRQHandler
                0x08003180                DCMI_IRQHandler
                0x08003180                CAN2_RX0_IRQHandler
                0x08003180                DMA2_Stream3_IRQHandler
                0x08003180                SAI2_IRQHandler
                0x08003180                USART6_IRQHandler
                0x08003180                USART3_IRQHandler
                0x08003180                CAN1_RX1_IRQHandler
                0x08003180                UART5_IRQHandler
                0x08003180                DMA2_Stream0_IRQHandler
                0x08003180                TIM4_IRQHandler
                0x08003180                QUADSPI_IRQHandler
                0x08003180                I2C1_EV_IRQHandler
                0x08003180                DMA1_Stream6_IRQHandler
                0x08003180                DMA1_Stream1_IRQHandler
                0x08003180                UART4_IRQHandler
                0x08003180                TIM3_IRQHandler
                0x08003180                RCC_IRQHandler
                0x08003180                TIM8_BRK_TIM12_IRQHandler
                0x08003180                Default_Handler
                0x08003180                CEC_IRQHandler
                0x08003180                EXTI15_10_IRQHandler
                0x08003180                ADC_IRQHandler
                0x08003180                DMA1_Stream7_IRQHandler
                0x08003180                TIM7_IRQHandler
                0x08003180                CAN2_TX_IRQHandler
                0x08003180                TIM5_IRQHandler
                0x08003180                DMA2_Stream7_IRQHandler
                0x08003180                I2C3_EV_IRQHandler
                0x08003180                EXTI9_5_IRQHandler
                0x08003180                RTC_WKUP_IRQHandler
                0x08003180                SPDIF_RX_IRQHandler
                0x08003180                SPI2_IRQHandler
                0x08003180                OTG_HS_EP1_IN_IRQHandler
                0x08003180                MemManage_Handler
                0x08003180                DMA1_Stream0_IRQHandler
                0x08003180                CAN1_TX_IRQHandler
                0x08003180                EXTI4_IRQHandler
                0x08003180                OTG_HS_EP1_OUT_IRQHandler
                0x08003180                WWDG_IRQHandler
                0x08003180                TIM2_IRQHandler
                0x08003180                OTG_FS_WKUP_IRQHandler
                0x08003180                TIM1_TRG_COM_TIM11_IRQHandler
                0x08003180                OTG_HS_IRQHandler
                0x08003180                EXTI1_IRQHandler
                0x08003180                USART2_IRQHandler
                0x08003180                I2C2_ER_IRQHandler
                0x08003180                DMA2_Stream1_IRQHandler
                0x08003180                CAN1_SCE_IRQHandler
                0x08003180                FLASH_IRQHandler
                0x08003180                DMA2_Stream4_IRQHandler
                0x08003180                BusFault_Handler
                0x08003180                USART1_IRQHandler
                0x08003180                OTG_FS_IRQHandler
                0x08003180                SPI3_IRQHandler
                0x08003180                DMA1_Stream4_IRQHandler
                0x08003180                I2C1_ER_IRQHandler
                0x08003180                FMC_IRQHandler
                0x08003180                DMA2_Stream6_IRQHandler
                0x08003180                SAI1_IRQHandler
                0x08003180                DMA1_Stream3_IRQHandler
                0x08003180                FMPI2C1_Error_IRQHandler
 *fill*         0x08003182        0x2 
 .text.__libc_init_array
                0x08003184       0x4c c:/st/eclipse/plugins/fr.ac6.mcu.externaltools.arm-none.win32_1.13.2.201703061525/tools/compiler/bin/../lib/gcc/arm-none-eabi/5.4.1/../../../../arm-none-eabi/lib/armv7e-m/fpu\libc_nano.a(lib_a-init.o)
                0x08003184                __libc_init_array
 .text.memcpy   0x080031d0       0x16 c:/st/eclipse/plugins/fr.ac6.mcu.externaltools.arm-none.win32_1.13.2.201703061525/tools/compiler/bin/../lib/gcc/arm-none-eabi/5.4.1/../../../../arm-none-eabi/lib/armv7e-m/fpu\libc_nano.a(lib_a-memcpy-stub.o)
                0x080031d0                memcpy
 .text.memset   0x080031e6       0x10 c:/st/eclipse/plugins/fr.ac6.mcu.externaltools.arm-none.win32_1.13.2.201703061525/tools/compiler/bin/../lib/gcc/arm-none-eabi/5.4.1/../../../../arm-none-eabi/lib/armv7e-m/fpu\libc_nano.a(lib_a-memset.o)
                0x080031e6                memset
 *fill*         0x080031f6        0x2 
 .text.sprintf  0x080031f8       0x48 c:/st/eclipse/plugins/fr.ac6.mcu.externaltools.arm-none.win32_1.13.2.201703061525/tools/compiler/bin/../lib/gcc/arm-none-eabi/5.4.1/../../../../arm-none-eabi/lib/armv7e-m/fpu\libc_nano.a(lib_a-sprintf.o)
                0x080031f8                siprintf
                0x080031f8                sprintf
 .text.strcpy   0x08003240       0x10 c:/st/eclipse/plugins/fr.ac6.mcu.externaltools.arm-none.win32_1.13.2.201703061525/tools/compiler/bin/../lib/gcc/arm-none-eabi/5.4.1/../../../../arm-none-eabi/lib/armv7e-m/fpu\libc_nano.a(lib_a-strcpy.o)
                0x08003240                strcpy
 .text.__ssputs_r
                0x08003250       0xb2 c:/st/eclipse/plugins/fr.ac6.mcu.externaltools.arm-none.win32_1.13.2.201703061525/tools/compiler/bin/../lib/gcc/arm-none-eabi/5.4.1/../../../../arm-none-eabi/lib/armv7e-m/fpu\libc_nano.a(lib_a-nano-svfprintf.o)
                0x08003250                __ssputs_r
 *fill*         0x08003302        0x2 
 .text._svfprintf_r
                0x08003304      0x1e8 c:/st/eclipse/plugins/fr.ac6.mcu.externaltools.arm-none.win32_1.13.2.201703061525/tools/compiler/bin/../lib/gcc/arm-none-eabi/5.4.1/../../../../arm-none-eabi/lib/armv7e-m/fpu\libc_nano.a(lib_a-nano-svfprintf.o)
                0x08003304                _svfiprintf_r
                0x08003304                _svfprintf_r
 .text._printf_common
                0x080034ec       0xec c:/st/eclipse/plugins/fr.ac6.mcu.externaltools.arm-none.win32_1.13.2.201703061525/tools/compiler/bin/../lib/gcc/arm-none-eabi/5.4.1/../../../../arm-none-eabi/lib/armv7e-m/fpu\libc_nano.a(lib_a-nano-vfprintf_i.o)
                0x080034ec                _printf_common
 .text._printf_i
                0x080035d8      0x24c c:/st/eclipse/plugins/fr.ac6.mcu.externaltools.arm-none.win32_1.13.2.201703061525/tools/compiler/bin/../lib/gcc/arm-none-eabi/5.4.1/../../../../arm-none-eabi/lib/armv7e-m/fpu\libc_nano.a(lib_a-nano-vfprintf_i.o)
                0x080035d8                _printf_i
 .text.memmove  0x08003824       0x36 c:/st/eclipse/plugins/fr.ac6.mcu.externaltools.arm-none.win32_1.13.2.201703061525/tools/compiler/bin/../lib/gcc/arm-none-eabi/5.4.1/../../../../arm-none-eabi/lib/armv7e-m/fpu\libc_nano.a(lib_a-memmove.o)
                0x08003824                memmove
 *fill*         0x0800385a        0x2 
 .text._free_r  0x0800385c       0x9c c:/st/eclipse/plugins/fr.ac6.mcu.externaltools.arm-none.win32_1.13.2.201703061525/tools/compiler/bin/../lib/gcc/arm-none-eabi/5.4.1/../../../../arm-none-eabi/lib/armv7e-m/fpu\libc_nano.a(lib_a-nano-freer.o)
                0x0800385c                _free_r
 .text._malloc_r
                0x080038f8       0xbc c:/st/eclipse/plugins/fr.ac6.mcu.externaltools.arm-none.win32_1.13.2.201703061525/tools/compiler/bin/../lib/gcc/arm-none-eabi/5.4.1/../../../../arm-none-eabi/lib/armv7e-m/fpu\libc_nano.a(lib_a-nano-mallocr.o)
                0x080038f8                _malloc_r
 .text._realloc_r
                0x080039b4       0x4c c:/st/eclipse/plugins/fr.ac6.mcu.externaltools.arm-none.win32_1.13.2.201703061525/tools/compiler/bin/../lib/gcc/arm-none-eabi/5.4.1/../../../../arm-none-eabi/lib/armv7e-m/fpu\libc_nano.a(lib_a-nano-reallocr.o)
                0x080039b4                _realloc_r
 .text._sbrk_r  0x08003a00       0x20 c:/st/eclipse/plugins/fr.ac6.mcu.externaltools.arm-none.win32_1.13.2.201703061525/tools/compiler/bin/../lib/gcc/arm-none-eabi/5.4.1/../../../../arm-none-eabi/lib/armv7e-m/fpu\libc_nano.a(lib_a-sbrkr.o)
                0x08003a00                _sbrk_r
 .text.__malloc_lock
                0x08003a20        0x2 c:/st/eclipse/plugins/fr.ac6.mcu.externaltools.arm-none.win32_1.13.2.201703061525/tools/compiler/bin/../lib/gcc/arm-none-eabi/5.4.1/../../../../arm-none-eabi/lib/armv7e-m/fpu\libc_nano.a(lib_a-mlock.o)
                0x08003a20                __malloc_lock
 .text.__malloc_unlock
                0x08003a22        0x2 c:/st/eclipse/plugins/fr.ac6.mcu.externaltools.arm-none.win32_1.13.2.201703061525/tools/compiler/bin/../lib/gcc/arm-none-eabi/5.4.1/../../../../arm-none-eabi/lib/armv7e-m/fpu\libc_nano.a(lib_a-mlock.o)
                0x08003a22                __malloc_unlock
 .text._malloc_usable_size_r
                0x08003a24       0x14 c:/st/eclipse/plugins/fr.ac6.mcu.externaltools.arm-none.win32_1.13.2.201703061525/tools/compiler/bin/../lib/gcc/arm-none-eabi/5.4.1/../../../../arm-none-eabi/lib/armv7e-m/fpu\libc_nano.a(lib_a-nano-msizer.o)
                0x08003a24                _malloc_usable_size_r
 .text._sbrk    0x08003a38       0x1c c:/st/eclipse/plugins/fr.ac6.mcu.externaltools.arm-none.win32_1.13.2.201703061525/tools/compiler/bin/../lib/gcc/arm-none-eabi/5.4.1/../../../../arm-none-eabi/lib/armv7e-m/fpu\libnosys.a(sbrk.o)
                0x08003a38                _sbrk
 *(.glue_7)
 .glue_7        0x08003a54        0x0 linker stubs
 *(.glue_7t)
 .glue_7t       0x08003a54        0x0 linker stubs
 *(.eh_frame)
 .eh_frame      0x08003a54        0x0 c:/st/eclipse/plugins/fr.ac6.mcu.externaltools.arm-none.win32_1.13.2.201703061525/tools/compiler/bin/../lib/gcc/arm-none-eabi/5.4.1/armv7e-m/fpu/crtbegin.o
 *(.init)
 .init          0x08003a54        0x4 c:/st/eclipse/plugins/fr.ac6.mcu.externaltools.arm-none.win32_1.13.2.201703061525/tools/compiler/bin/../lib/gcc/arm-none-eabi/5.4.1/armv7e-m/fpu/crti.o
                0x08003a54                _init
 .init          0x08003a58        0x8 c:/st/eclipse/plugins/fr.ac6.mcu.externaltools.arm-none.win32_1.13.2.201703061525/tools/compiler/bin/../lib/gcc/arm-none-eabi/5.4.1/armv7e-m/fpu/crtn.o
 *(.fini)
 .fini          0x08003a60        0x4 c:/st/eclipse/plugins/fr.ac6.mcu.externaltools.arm-none.win32_1.13.2.201703061525/tools/compiler/bin/../lib/gcc/arm-none-eabi/5.4.1/armv7e-m/fpu/crti.o
                0x08003a60                _fini
 .fini          0x08003a64        0x8 c:/st/eclipse/plugins/fr.ac6.mcu.externaltools.arm-none.win32_1.13.2.201703061525/tools/compiler/bin/../lib/gcc/arm-none-eabi/5.4.1/armv7e-m/fpu/crtn.o
                0x08003a6c                . = ALIGN (0x4)
                0x08003a6c                _etext = .

.vfp11_veneer   0x08003a6c        0x0
 .vfp11_veneer  0x08003a6c        0x0 linker stubs

.v4_bx          0x08003a6c        0x0
 .v4_bx         0x08003a6c        0x0 linker stubs

.iplt           0x08003a6c        0x0
 .iplt          0x08003a6c        0x0 c:/st/eclipse/plugins/fr.ac6.mcu.externaltools.arm-none.win32_1.13.2.201703061525/tools/compiler/bin/../lib/gcc/arm-none-eabi/5.4.1/armv7e-m/fpu/crtbegin.o

.rodata         0x08003a6c      0x174
                0x08003a6c                . = ALIGN (0x4)
 *(.rodata)
 .rodata        0x08003a6c        0x8 Drivers/STM32F4xx_HAL_Driver/Src/stm32f4xx_hal_dma.o
 .rodata        0x08003a74       0x10 Drivers/STM32F4xx_HAL_Driver/Src/stm32f4xx_hal_rcc.o
                0x08003a74                APBAHBPrescTable
 .rodata        0x08003a84       0x78 Src/main.o
 *(.rodata*)
 .rodata.str1.1
                0x08003afc        0x5 Middlewares/Third_Party/FreeRTOS/Source/tasks.o
 .rodata.str1.1
                0x08003b01        0x3 Src/lcd.o
 .rodata.str1.1
                0x08003b04       0xa6 Src/main.o
 .rodata.str1.1
                0x08003baa       0x11 c:/st/eclipse/plugins/fr.ac6.mcu.externaltools.arm-none.win32_1.13.2.201703061525/tools/compiler/bin/../lib/gcc/arm-none-eabi/5.4.1/../../../../arm-none-eabi/lib/armv7e-m/fpu\libc_nano.a(lib_a-nano-svfprintf.o)
 .rodata.str1.1
                0x08003bbb       0x22 c:/st/eclipse/plugins/fr.ac6.mcu.externaltools.arm-none.win32_1.13.2.201703061525/tools/compiler/bin/../lib/gcc/arm-none-eabi/5.4.1/../../../../arm-none-eabi/lib/armv7e-m/fpu\libc_nano.a(lib_a-nano-vfprintf_i.o)
                0x08003be0                . = ALIGN (0x4)
 *fill*         0x08003bdd        0x3 

.rel.dyn        0x08003be0        0x0
 .rel.iplt      0x08003be0        0x0 c:/st/eclipse/plugins/fr.ac6.mcu.externaltools.arm-none.win32_1.13.2.201703061525/tools/compiler/bin/../lib/gcc/arm-none-eabi/5.4.1/armv7e-m/fpu/crtbegin.o

.ARM.extab
 *(.ARM.extab* .gnu.linkonce.armextab.*)

.ARM            0x08003be0        0x0
                0x08003be0                __exidx_start = .
 *(.ARM.exidx*)
                0x08003be0                __exidx_end = .

.preinit_array  0x08003be0        0x0
                0x08003be0                PROVIDE (__preinit_array_start, .)
 *(.preinit_array*)
                0x08003be0                PROVIDE (__preinit_array_end, .)

.init_array     0x08003be0        0x4
                0x08003be0                PROVIDE (__init_array_start, .)
 *(SORT(.init_array.*))
 *(.init_array*)
 .init_array    0x08003be0        0x4 c:/st/eclipse/plugins/fr.ac6.mcu.externaltools.arm-none.win32_1.13.2.201703061525/tools/compiler/bin/../lib/gcc/arm-none-eabi/5.4.1/armv7e-m/fpu/crtbegin.o
                0x08003be4                PROVIDE (__init_array_end, .)

.fini_array     0x08003be4        0x4
                [!provide]                PROVIDE (__fini_array_start, .)
 *(SORT(.fini_array.*))
 *(.fini_array*)
 .fini_array    0x08003be4        0x4 c:/st/eclipse/plugins/fr.ac6.mcu.externaltools.arm-none.win32_1.13.2.201703061525/tools/compiler/bin/../lib/gcc/arm-none-eabi/5.4.1/armv7e-m/fpu/crtbegin.o
                [!provide]                PROVIDE (__fini_array_end, .)
                0x08003be8                _sidata = LOADADDR (.data)

.data           0x20000000       0x74 load address 0x08003be8
                0x20000000                . = ALIGN (0x4)
                0x20000000                _sdata = .
 *(.data)
 .data          0x20000000        0x4 Middlewares/Third_Party/FreeRTOS/Source/portable/GCC/ARM_CM4F/port.o
 .data          0x20000004        0x8 Src/main.o
                0x20000004                Tempo_Subida
                0x20000008                Desloca_Pulso
 .data          0x2000000c        0x4 Src/system_stm32f4xx.o
                0x2000000c                SystemCoreClock
 *(.data*)
 .data.impure_data
                0x20000010       0x60 c:/st/eclipse/plugins/fr.ac6.mcu.externaltools.arm-none.win32_1.13.2.201703061525/tools/compiler/bin/../lib/gcc/arm-none-eabi/5.4.1/../../../../arm-none-eabi/lib/armv7e-m/fpu\libc_nano.a(lib_a-impure.o)
 .data._impure_ptr
                0x20000070        0x4 c:/st/eclipse/plugins/fr.ac6.mcu.externaltools.arm-none.win32_1.13.2.201703061525/tools/compiler/bin/../lib/gcc/arm-none-eabi/5.4.1/../../../../arm-none-eabi/lib/armv7e-m/fpu\libc_nano.a(lib_a-impure.o)
                0x20000070                _impure_ptr
                0x20000074                . = ALIGN (0x4)
                0x20000074                _edata = .

.jcr            0x20000074        0x0 load address 0x08003c5c
 .jcr           0x20000074        0x0 c:/st/eclipse/plugins/fr.ac6.mcu.externaltools.arm-none.win32_1.13.2.201703061525/tools/compiler/bin/../lib/gcc/arm-none-eabi/5.4.1/armv7e-m/fpu/crtbegin.o

.igot.plt       0x20000074        0x0 load address 0x08003c5c
 .igot.plt      0x20000074        0x0 c:/st/eclipse/plugins/fr.ac6.mcu.externaltools.arm-none.win32_1.13.2.201703061525/tools/compiler/bin/../lib/gcc/arm-none-eabi/5.4.1/armv7e-m/fpu/crtbegin.o
                0x20000074                . = ALIGN (0x4)

.bss            0x20000074     0x3fc8 load address 0x08003c5c
                0x20000074                _sbss = .
                0x20000074                __bss_start__ = _sbss
 *(.bss)
 .bss           0x20000074       0x1c c:/st/eclipse/plugins/fr.ac6.mcu.externaltools.arm-none.win32_1.13.2.201703061525/tools/compiler/bin/../lib/gcc/arm-none-eabi/5.4.1/armv7e-m/fpu/crtbegin.o
 .bss           0x20000090      0x128 Middlewares/Third_Party/FreeRTOS/Source/tasks.o
                0x20000098                pxCurrentTCB
 .bss           0x200001b8        0x8 Middlewares/Third_Party/FreeRTOS/Source/portable/GCC/ARM_CM4F/port.o
 .bss           0x200001c0     0x3c18 Middlewares/Third_Party/FreeRTOS/Source/portable/MemMang/heap_4.o
 .bss           0x20003dd8       0x1c Src/main.o
                0x20003dd8                Comando
                0x20003ddc                RPM
                0x20003de0                Tempo_Descida
                0x20003de4                Tempo_ARR_13
                0x20003de6                Estado
                0x20003de7                Chave
                0x20003de8                Estagio_Com
                0x20003dec                Alerta
                0x20003df0                Tempo_Estouro
 *(.bss*)
 .bss.__malloc_sbrk_start
                0x20003df4        0x4 c:/st/eclipse/plugins/fr.ac6.mcu.externaltools.arm-none.win32_1.13.2.201703061525/tools/compiler/bin/../lib/gcc/arm-none-eabi/5.4.1/../../../../arm-none-eabi/lib/armv7e-m/fpu\libc_nano.a(lib_a-nano-mallocr.o)
                0x20003df4                __malloc_sbrk_start
 .bss.__malloc_free_list
                0x20003df8        0x4 c:/st/eclipse/plugins/fr.ac6.mcu.externaltools.arm-none.win32_1.13.2.201703061525/tools/compiler/bin/../lib/gcc/arm-none-eabi/5.4.1/../../../../arm-none-eabi/lib/armv7e-m/fpu\libc_nano.a(lib_a-nano-mallocr.o)
                0x20003df8                __malloc_free_list
 .bss.heap_end.4169
                0x20003dfc        0x4 c:/st/eclipse/plugins/fr.ac6.mcu.externaltools.arm-none.win32_1.13.2.201703061525/tools/compiler/bin/../lib/gcc/arm-none-eabi/5.4.1/../../../../arm-none-eabi/lib/armv7e-m/fpu\libnosys.a(sbrk.o)
 *(COMMON)
 COMMON         0x20003e00        0x4 Drivers/STM32F4xx_HAL_Driver/Src/stm32f4xx_hal.o
                0x20003e00                uwTick
 COMMON         0x20003e04      0x1f5 Src/main.o
                0x20003e04                hdma_usart2_rx
                0x20003e64                htim8
                0x20003ea0                Comanda_DisplayHandle
                0x20003ea4                Disparo_TiristHandle
                0x20003ea8                T_Recebe_Tempo
                0x20003ead                T_Comandos
                0x20003eb0                Start_StopHandle
                0x20003eb4                htim13
                0x20003ef0                Leitura_TempoHandle
                0x20003ef4                htim1
                0x20003f30                Confirma
                0x20003fb0                Detector_CorentHandle
                0x20003fb4                huart2
                0x20003ff4                Comunica_PCHandle
                0x20003ff8                Flag
 *fill*         0x20003ff9        0x3 
 COMMON         0x20003ffc       0x3c Src/stm32f4xx_hal_timebase_TIM.o
                0x20003ffc                htim14
 COMMON         0x20004038        0x4 c:/st/eclipse/plugins/fr.ac6.mcu.externaltools.arm-none.win32_1.13.2.201703061525/tools/compiler/bin/../lib/gcc/arm-none-eabi/5.4.1/../../../../arm-none-eabi/lib/armv7e-m/fpu\libc_nano.a(lib_a-reent.o)
                0x20004038                errno
                0x2000403c                . = ALIGN (0x4)
                0x2000403c                _ebss = .
                0x2000403c                __bss_end__ = _ebss

._user_heap_stack
                0x2000403c      0x604 load address 0x08003c5c
                0x20004040                . = ALIGN (0x8)
 *fill*         0x2000403c        0x4 
                0x20004040                PROVIDE (end, .)
                [!provide]                PROVIDE (_end, .)
                0x20004240                . = (. + _Min_Heap_Size)
 *fill*         0x20004040      0x200 
                0x20004640                . = (. + _Min_Stack_Size)
 *fill*         0x20004240      0x400 
                0x20004640                . = ALIGN (0x8)

/DISCARD/
 libc.a(*)
 libm.a(*)
 libgcc.a(*)

.ARM.attributes
                0x00000000       0x30
 *(.ARM.attributes)
 .ARM.attributes
                0x00000000       0x22 c:/st/eclipse/plugins/fr.ac6.mcu.externaltools.arm-none.win32_1.13.2.201703061525/tools/compiler/bin/../lib/gcc/arm-none-eabi/5.4.1/armv7e-m/fpu/crti.o
 .ARM.attributes
                0x00000022       0x34 c:/st/eclipse/plugins/fr.ac6.mcu.externaltools.arm-none.win32_1.13.2.201703061525/tools/compiler/bin/../lib/gcc/arm-none-eabi/5.4.1/armv7e-m/fpu/crtbegin.o
 .ARM.attributes
                0x00000056       0x39 Drivers/STM32F4xx_HAL_Driver/Src/stm32f4xx_hal.o
 .ARM.attributes
                0x0000008f       0x39 Drivers/STM32F4xx_HAL_Driver/Src/stm32f4xx_hal_cortex.o
 .ARM.attributes
                0x000000c8       0x39 Drivers/STM32F4xx_HAL_Driver/Src/stm32f4xx_hal_dma.o
 .ARM.attributes
                0x00000101       0x39 Drivers/STM32F4xx_HAL_Driver/Src/stm32f4xx_hal_gpio.o
 .ARM.attributes
                0x0000013a       0x39 Drivers/STM32F4xx_HAL_Driver/Src/stm32f4xx_hal_rcc.o
 .ARM.attributes
                0x00000173       0x39 Drivers/STM32F4xx_HAL_Driver/Src/stm32f4xx_hal_rcc_ex.o
 .ARM.attributes
                0x000001ac       0x39 Drivers/STM32F4xx_HAL_Driver/Src/stm32f4xx_hal_tim.o
 .ARM.attributes
                0x000001e5       0x39 Drivers/STM32F4xx_HAL_Driver/Src/stm32f4xx_hal_tim_ex.o
 .ARM.attributes
                0x0000021e       0x39 Drivers/STM32F4xx_HAL_Driver/Src/stm32f4xx_hal_uart.o
 .ARM.attributes
                0x00000257       0x39 Middlewares/Third_Party/FreeRTOS/Source/CMSIS_RTOS/cmsis_os.o
 .ARM.attributes
                0x00000290       0x39 Middlewares/Third_Party/FreeRTOS/Source/list.o
 .ARM.attributes
                0x000002c9       0x39 Middlewares/Third_Party/FreeRTOS/Source/tasks.o
 .ARM.attributes
                0x00000302       0x39 Middlewares/Third_Party/FreeRTOS/Source/portable/GCC/ARM_CM4F/port.o
 .ARM.attributes
                0x0000033b       0x39 Middlewares/Third_Party/FreeRTOS/Source/portable/MemMang/heap_4.o
 .ARM.attributes
                0x00000374       0x39 Src/lcd.o
 .ARM.attributes
                0x000003ad       0x39 Src/main.o
 .ARM.attributes
                0x000003e6       0x39 Src/stm32f4xx_hal_msp.o
 .ARM.attributes
                0x0000041f       0x39 Src/stm32f4xx_hal_timebase_TIM.o
 .ARM.attributes
                0x00000458       0x39 Src/stm32f4xx_it.o
 .ARM.attributes
                0x00000491       0x39 Src/system_stm32f4xx.o
 .ARM.attributes
                0x000004ca       0x21 startup/startup_stm32f446xx.o
 .ARM.attributes
                0x000004eb       0x34 c:/st/eclipse/plugins/fr.ac6.mcu.externaltools.arm-none.win32_1.13.2.201703061525/tools/compiler/bin/../lib/gcc/arm-none-eabi/5.4.1/../../../../arm-none-eabi/lib/armv7e-m/fpu\libc_nano.a(lib_a-impure.o)
 .ARM.attributes
                0x0000051f       0x34 c:/st/eclipse/plugins/fr.ac6.mcu.externaltools.arm-none.win32_1.13.2.201703061525/tools/compiler/bin/../lib/gcc/arm-none-eabi/5.4.1/../../../../arm-none-eabi/lib/armv7e-m/fpu\libc_nano.a(lib_a-init.o)
 .ARM.attributes
                0x00000553       0x34 c:/st/eclipse/plugins/fr.ac6.mcu.externaltools.arm-none.win32_1.13.2.201703061525/tools/compiler/bin/../lib/gcc/arm-none-eabi/5.4.1/../../../../arm-none-eabi/lib/armv7e-m/fpu\libc_nano.a(lib_a-memcpy-stub.o)
 .ARM.attributes
                0x00000587       0x34 c:/st/eclipse/plugins/fr.ac6.mcu.externaltools.arm-none.win32_1.13.2.201703061525/tools/compiler/bin/../lib/gcc/arm-none-eabi/5.4.1/../../../../arm-none-eabi/lib/armv7e-m/fpu\libc_nano.a(lib_a-memset.o)
 .ARM.attributes
                0x000005bb       0x34 c:/st/eclipse/plugins/fr.ac6.mcu.externaltools.arm-none.win32_1.13.2.201703061525/tools/compiler/bin/../lib/gcc/arm-none-eabi/5.4.1/../../../../arm-none-eabi/lib/armv7e-m/fpu\libc_nano.a(lib_a-sprintf.o)
 .ARM.attributes
                0x000005ef       0x34 c:/st/eclipse/plugins/fr.ac6.mcu.externaltools.arm-none.win32_1.13.2.201703061525/tools/compiler/bin/../lib/gcc/arm-none-eabi/5.4.1/../../../../arm-none-eabi/lib/armv7e-m/fpu\libc_nano.a(lib_a-strcpy.o)
 .ARM.attributes
                0x00000623       0x34 c:/st/eclipse/plugins/fr.ac6.mcu.externaltools.arm-none.win32_1.13.2.201703061525/tools/compiler/bin/../lib/gcc/arm-none-eabi/5.4.1/../../../../arm-none-eabi/lib/armv7e-m/fpu\libc_nano.a(lib_a-nano-svfprintf.o)
 .ARM.attributes
                0x00000657       0x34 c:/st/eclipse/plugins/fr.ac6.mcu.externaltools.arm-none.win32_1.13.2.201703061525/tools/compiler/bin/../lib/gcc/arm-none-eabi/5.4.1/../../../../arm-none-eabi/lib/armv7e-m/fpu\libc_nano.a(lib_a-nano-vfprintf_i.o)
 .ARM.attributes
                0x0000068b       0x20 c:/st/eclipse/plugins/fr.ac6.mcu.externaltools.arm-none.win32_1.13.2.201703061525/tools/compiler/bin/../lib/gcc/arm-none-eabi/5.4.1/../../../../arm-none-eabi/lib/armv7e-m/fpu\libc_nano.a(lib_a-memchr.o)
 .ARM.attributes
                0x000006ab       0x34 c:/st/eclipse/plugins/fr.ac6.mcu.externaltools.arm-none.win32_1.13.2.201703061525/tools/compiler/bin/../lib/gcc/arm-none-eabi/5.4.1/../../../../arm-none-eabi/lib/armv7e-m/fpu\libc_nano.a(lib_a-memmove.o)
 .ARM.attributes
                0x000006df       0x34 c:/st/eclipse/plugins/fr.ac6.mcu.externaltools.arm-none.win32_1.13.2.201703061525/tools/compiler/bin/../lib/gcc/arm-none-eabi/5.4.1/../../../../arm-none-eabi/lib/armv7e-m/fpu\libc_nano.a(lib_a-nano-freer.o)
 .ARM.attributes
                0x00000713       0x34 c:/st/eclipse/plugins/fr.ac6.mcu.externaltools.arm-none.win32_1.13.2.201703061525/tools/compiler/bin/../lib/gcc/arm-none-eabi/5.4.1/../../../../arm-none-eabi/lib/armv7e-m/fpu\libc_nano.a(lib_a-nano-mallocr.o)
 .ARM.attributes
                0x00000747       0x34 c:/st/eclipse/plugins/fr.ac6.mcu.externaltools.arm-none.win32_1.13.2.201703061525/tools/compiler/bin/../lib/gcc/arm-none-eabi/5.4.1/../../../../arm-none-eabi/lib/armv7e-m/fpu\libc_nano.a(lib_a-nano-reallocr.o)
 .ARM.attributes
                0x0000077b       0x34 c:/st/eclipse/plugins/fr.ac6.mcu.externaltools.arm-none.win32_1.13.2.201703061525/tools/compiler/bin/../lib/gcc/arm-none-eabi/5.4.1/../../../../arm-none-eabi/lib/armv7e-m/fpu\libc_nano.a(lib_a-sbrkr.o)
 .ARM.attributes
                0x000007af       0x34 c:/st/eclipse/plugins/fr.ac6.mcu.externaltools.arm-none.win32_1.13.2.201703061525/tools/compiler/bin/../lib/gcc/arm-none-eabi/5.4.1/../../../../arm-none-eabi/lib/armv7e-m/fpu\libc_nano.a(lib_a-mlock.o)
 .ARM.attributes
                0x000007e3       0x34 c:/st/eclipse/plugins/fr.ac6.mcu.externaltools.arm-none.win32_1.13.2.201703061525/tools/compiler/bin/../lib/gcc/arm-none-eabi/5.4.1/../../../../arm-none-eabi/lib/armv7e-m/fpu\libc_nano.a(lib_a-nano-msizer.o)
 .ARM.attributes
                0x00000817       0x34 c:/st/eclipse/plugins/fr.ac6.mcu.externaltools.arm-none.win32_1.13.2.201703061525/tools/compiler/bin/../lib/gcc/arm-none-eabi/5.4.1/../../../../arm-none-eabi/lib/armv7e-m/fpu\libc_nano.a(lib_a-reent.o)
 .ARM.attributes
                0x0000084b       0x34 c:/st/eclipse/plugins/fr.ac6.mcu.externaltools.arm-none.win32_1.13.2.201703061525/tools/compiler/bin/../lib/gcc/arm-none-eabi/5.4.1/../../../../arm-none-eabi/lib/armv7e-m/fpu\libnosys.a(sbrk.o)
 .ARM.attributes
                0x0000087f       0x22 c:/st/eclipse/plugins/fr.ac6.mcu.externaltools.arm-none.win32_1.13.2.201703061525/tools/compiler/bin/../lib/gcc/arm-none-eabi/5.4.1/armv7e-m/fpu/crtn.o
OUTPUT(Soft_Starter.elf elf32-littlearm)

.debug_info     0x00000000    0x13754
 .debug_info    0x00000000      0x932 Drivers/STM32F4xx_HAL_Driver/Src/stm32f4xx_hal.o
 .debug_info    0x00000932      0xe9d Drivers/STM32F4xx_HAL_Driver/Src/stm32f4xx_hal_cortex.o
 .debug_info    0x000017cf      0xa2c Drivers/STM32F4xx_HAL_Driver/Src/stm32f4xx_hal_dma.o
 .debug_info    0x000021fb      0x77f Drivers/STM32F4xx_HAL_Driver/Src/stm32f4xx_hal_gpio.o
 .debug_info    0x0000297a      0xcd7 Drivers/STM32F4xx_HAL_Driver/Src/stm32f4xx_hal_rcc.o
 .debug_info    0x00003651     0x1300 Drivers/STM32F4xx_HAL_Driver/Src/stm32f4xx_hal_rcc_ex.o
 .debug_info    0x00004951     0x2eaa Drivers/STM32F4xx_HAL_Driver/Src/stm32f4xx_hal_tim.o
 .debug_info    0x000077fb      0xf6f Drivers/STM32F4xx_HAL_Driver/Src/stm32f4xx_hal_tim_ex.o
 .debug_info    0x0000876a     0x14ed Drivers/STM32F4xx_HAL_Driver/Src/stm32f4xx_hal_uart.o
 .debug_info    0x00009c57     0x1aeb Middlewares/Third_Party/FreeRTOS/Source/CMSIS_RTOS/cmsis_os.o
 .debug_info    0x0000b742      0x2a5 Middlewares/Third_Party/FreeRTOS/Source/list.o
 .debug_info    0x0000b9e7     0x270b Middlewares/Third_Party/FreeRTOS/Source/tasks.o
 .debug_info    0x0000e0f2      0x55b Middlewares/Third_Party/FreeRTOS/Source/portable/GCC/ARM_CM4F/port.o
 .debug_info    0x0000e64d      0x48a Middlewares/Third_Party/FreeRTOS/Source/portable/MemMang/heap_4.o
 .debug_info    0x0000ead7      0x70e Src/lcd.o
 .debug_info    0x0000f1e5     0x1d99 Src/main.o
 .debug_info    0x00010f7e     0x107f Src/stm32f4xx_hal_msp.o
 .debug_info    0x00011ffd      0xb9e Src/stm32f4xx_hal_timebase_TIM.o
 .debug_info    0x00012b9b      0x627 Src/stm32f4xx_it.o
 .debug_info    0x000131c2      0x534 Src/system_stm32f4xx.o
 .debug_info    0x000136f6       0x5e startup/startup_stm32f446xx.o

.debug_abbrev   0x00000000     0x2f9d
 .debug_abbrev  0x00000000      0x247 Drivers/STM32F4xx_HAL_Driver/Src/stm32f4xx_hal.o
 .debug_abbrev  0x00000247      0x332 Drivers/STM32F4xx_HAL_Driver/Src/stm32f4xx_hal_cortex.o
 .debug_abbrev  0x00000579      0x2e0 Drivers/STM32F4xx_HAL_Driver/Src/stm32f4xx_hal_dma.o
 .debug_abbrev  0x00000859      0x1cb Drivers/STM32F4xx_HAL_Driver/Src/stm32f4xx_hal_gpio.o
 .debug_abbrev  0x00000a24      0x321 Drivers/STM32F4xx_HAL_Driver/Src/stm32f4xx_hal_rcc.o
 .debug_abbrev  0x00000d45      0x269 Drivers/STM32F4xx_HAL_Driver/Src/stm32f4xx_hal_rcc_ex.o
 .debug_abbrev  0x00000fae      0x314 Drivers/STM32F4xx_HAL_Driver/Src/stm32f4xx_hal_tim.o
 .debug_abbrev  0x000012c2      0x273 Drivers/STM32F4xx_HAL_Driver/Src/stm32f4xx_hal_tim_ex.o
 .debug_abbrev  0x00001535      0x30b Drivers/STM32F4xx_HAL_Driver/Src/stm32f4xx_hal_uart.o
 .debug_abbrev  0x00001840      0x36f Middlewares/Third_Party/FreeRTOS/Source/CMSIS_RTOS/cmsis_os.o
 .debug_abbrev  0x00001baf       0xdf Middlewares/Third_Party/FreeRTOS/Source/list.o
 .debug_abbrev  0x00001c8e      0x395 Middlewares/Third_Party/FreeRTOS/Source/tasks.o
 .debug_abbrev  0x00002023      0x21e Middlewares/Third_Party/FreeRTOS/Source/portable/GCC/ARM_CM4F/port.o
 .debug_abbrev  0x00002241      0x233 Middlewares/Third_Party/FreeRTOS/Source/portable/MemMang/heap_4.o
 .debug_abbrev  0x00002474      0x1a6 Src/lcd.o
 .debug_abbrev  0x0000261a      0x30f Src/main.o
 .debug_abbrev  0x00002929      0x229 Src/stm32f4xx_hal_msp.o
 .debug_abbrev  0x00002b52      0x1d2 Src/stm32f4xx_hal_timebase_TIM.o
 .debug_abbrev  0x00002d24      0x163 Src/stm32f4xx_it.o
 .debug_abbrev  0x00002e87      0x104 Src/system_stm32f4xx.o
 .debug_abbrev  0x00002f8b       0x12 startup/startup_stm32f446xx.o

.debug_loc      0x00000000     0x9f6b
 .debug_loc     0x00000000       0x92 Drivers/STM32F4xx_HAL_Driver/Src/stm32f4xx_hal.o
 .debug_loc     0x00000092      0x4ab Drivers/STM32F4xx_HAL_Driver/Src/stm32f4xx_hal_cortex.o
 .debug_loc     0x0000053d      0x757 Drivers/STM32F4xx_HAL_Driver/Src/stm32f4xx_hal_dma.o
 .debug_loc     0x00000c94      0x374 Drivers/STM32F4xx_HAL_Driver/Src/stm32f4xx_hal_gpio.o
 .debug_loc     0x00001008      0x485 Drivers/STM32F4xx_HAL_Driver/Src/stm32f4xx_hal_rcc.o
 .debug_loc     0x0000148d      0xcdd Drivers/STM32F4xx_HAL_Driver/Src/stm32f4xx_hal_rcc_ex.o
 .debug_loc     0x0000216a     0x3146 Drivers/STM32F4xx_HAL_Driver/Src/stm32f4xx_hal_tim.o
 .debug_loc     0x000052b0      0x7b9 Drivers/STM32F4xx_HAL_Driver/Src/stm32f4xx_hal_tim_ex.o
 .debug_loc     0x00005a69     0x13b0 Drivers/STM32F4xx_HAL_Driver/Src/stm32f4xx_hal_uart.o
 .debug_loc     0x00006e19      0xf7e Middlewares/Third_Party/FreeRTOS/Source/CMSIS_RTOS/cmsis_os.o
 .debug_loc     0x00007d97       0x94 Middlewares/Third_Party/FreeRTOS/Source/list.o
 .debug_loc     0x00007e2b     0x182a Middlewares/Third_Party/FreeRTOS/Source/tasks.o
 .debug_loc     0x00009655       0xae Middlewares/Third_Party/FreeRTOS/Source/portable/GCC/ARM_CM4F/port.o
 .debug_loc     0x00009703      0x389 Middlewares/Third_Party/FreeRTOS/Source/portable/MemMang/heap_4.o
 .debug_loc     0x00009a8c      0x155 Src/lcd.o
 .debug_loc     0x00009be1       0xf2 Src/main.o
 .debug_loc     0x00009cd3      0x11c Src/stm32f4xx_hal_msp.o
 .debug_loc     0x00009def       0xa5 Src/stm32f4xx_hal_timebase_TIM.o
 .debug_loc     0x00009e94       0xd7 Src/system_stm32f4xx.o

.debug_aranges  0x00000000      0xd80
 .debug_aranges
                0x00000000       0xb8 Drivers/STM32F4xx_HAL_Driver/Src/stm32f4xx_hal.o
 .debug_aranges
                0x000000b8       0x98 Drivers/STM32F4xx_HAL_Driver/Src/stm32f4xx_hal_cortex.o
 .debug_aranges
                0x00000150       0x80 Drivers/STM32F4xx_HAL_Driver/Src/stm32f4xx_hal_dma.o
 .debug_aranges
                0x000001d0       0x58 Drivers/STM32F4xx_HAL_Driver/Src/stm32f4xx_hal_gpio.o
 .debug_aranges
                0x00000228       0x80 Drivers/STM32F4xx_HAL_Driver/Src/stm32f4xx_hal_rcc.o
 .debug_aranges
                0x000002a8       0x58 Drivers/STM32F4xx_HAL_Driver/Src/stm32f4xx_hal_rcc_ex.o
 .debug_aranges
                0x00000300      0x250 Drivers/STM32F4xx_HAL_Driver/Src/stm32f4xx_hal_tim.o
 .debug_aranges
                0x00000550       0xf0 Drivers/STM32F4xx_HAL_Driver/Src/stm32f4xx_hal_tim_ex.o
 .debug_aranges
                0x00000640      0x170 Drivers/STM32F4xx_HAL_Driver/Src/stm32f4xx_hal_uart.o
 .debug_aranges
                0x000007b0      0x178 Middlewares/Third_Party/FreeRTOS/Source/CMSIS_RTOS/cmsis_os.o
 .debug_aranges
                0x00000928       0x40 Middlewares/Third_Party/FreeRTOS/Source/list.o
 .debug_aranges
                0x00000968      0x190 Middlewares/Third_Party/FreeRTOS/Source/tasks.o
 .debug_aranges
                0x00000af8       0x80 Middlewares/Third_Party/FreeRTOS/Source/portable/GCC/ARM_CM4F/port.o
 .debug_aranges
                0x00000b78       0x48 Middlewares/Third_Party/FreeRTOS/Source/portable/MemMang/heap_4.o
 .debug_aranges
                0x00000bc0       0x60 Src/lcd.o
 .debug_aranges
                0x00000c20       0x68 Src/main.o
 .debug_aranges
                0x00000c88       0x48 Src/stm32f4xx_hal_msp.o
 .debug_aranges
                0x00000cd0       0x30 Src/stm32f4xx_hal_timebase_TIM.o
 .debug_aranges
                0x00000d00       0x30 Src/stm32f4xx_it.o
 .debug_aranges
                0x00000d30       0x28 Src/system_stm32f4xx.o
 .debug_aranges
                0x00000d58       0x28 startup/startup_stm32f446xx.o

.debug_ranges   0x00000000     0x13a8
 .debug_ranges  0x00000000       0xa8 Drivers/STM32F4xx_HAL_Driver/Src/stm32f4xx_hal.o
 .debug_ranges  0x000000a8      0x148 Drivers/STM32F4xx_HAL_Driver/Src/stm32f4xx_hal_cortex.o
 .debug_ranges  0x000001f0       0xa8 Drivers/STM32F4xx_HAL_Driver/Src/stm32f4xx_hal_dma.o
 .debug_ranges  0x00000298       0x70 Drivers/STM32F4xx_HAL_Driver/Src/stm32f4xx_hal_gpio.o
 .debug_ranges  0x00000308      0x150 Drivers/STM32F4xx_HAL_Driver/Src/stm32f4xx_hal_rcc.o
 .debug_ranges  0x00000458      0x2d0 Drivers/STM32F4xx_HAL_Driver/Src/stm32f4xx_hal_rcc_ex.o
 .debug_ranges  0x00000728      0x330 Drivers/STM32F4xx_HAL_Driver/Src/stm32f4xx_hal_tim.o
 .debug_ranges  0x00000a58       0xe0 Drivers/STM32F4xx_HAL_Driver/Src/stm32f4xx_hal_tim_ex.o
 .debug_ranges  0x00000b38      0x178 Drivers/STM32F4xx_HAL_Driver/Src/stm32f4xx_hal_uart.o
 .debug_ranges  0x00000cb0      0x168 Middlewares/Third_Party/FreeRTOS/Source/CMSIS_RTOS/cmsis_os.o
 .debug_ranges  0x00000e18       0x30 Middlewares/Third_Party/FreeRTOS/Source/list.o
 .debug_ranges  0x00000e48      0x218 Middlewares/Third_Party/FreeRTOS/Source/tasks.o
 .debug_ranges  0x00001060       0x70 Middlewares/Third_Party/FreeRTOS/Source/portable/GCC/ARM_CM4F/port.o
 .debug_ranges  0x000010d0       0x38 Middlewares/Third_Party/FreeRTOS/Source/portable/MemMang/heap_4.o
 .debug_ranges  0x00001108       0x50 Src/lcd.o
 .debug_ranges  0x00001158      0x130 Src/main.o
 .debug_ranges  0x00001288       0x88 Src/stm32f4xx_hal_msp.o
 .debug_ranges  0x00001310       0x40 Src/stm32f4xx_hal_timebase_TIM.o
 .debug_ranges  0x00001350       0x20 Src/stm32f4xx_it.o
 .debug_ranges  0x00001370       0x18 Src/system_stm32f4xx.o
 .debug_ranges  0x00001388       0x20 startup/startup_stm32f446xx.o

.debug_macro    0x00000000    0x23f08
 .debug_macro   0x00000000      0x36e Drivers/STM32F4xx_HAL_Driver/Src/stm32f4xx_hal.o
 .debug_macro   0x0000036e      0x89e Drivers/STM32F4xx_HAL_Driver/Src/stm32f4xx_hal.o
 .debug_macro   0x00000c0c       0xd6 Drivers/STM32F4xx_HAL_Driver/Src/stm32f4xx_hal.o
 .debug_macro   0x00000ce2      0x17f Drivers/STM32F4xx_HAL_Driver/Src/stm32f4xx_hal.o
 .debug_macro   0x00000e61       0x33 Drivers/STM32F4xx_HAL_Driver/Src/stm32f4xx_hal.o
 .debug_macro   0x00000e94       0x28 Drivers/STM32F4xx_HAL_Driver/Src/stm32f4xx_hal.o
 .debug_macro   0x00000ebc       0x22 Drivers/STM32F4xx_HAL_Driver/Src/stm32f4xx_hal.o
 .debug_macro   0x00000ede       0x87 Drivers/STM32F4xx_HAL_Driver/Src/stm32f4xx_hal.o
 .debug_macro   0x00000f65       0x44 Drivers/STM32F4xx_HAL_Driver/Src/stm32f4xx_hal.o
 .debug_macro   0x00000fa9       0xfd Drivers/STM32F4xx_HAL_Driver/Src/stm32f4xx_hal.o
 .debug_macro   0x000010a6       0x5e Drivers/STM32F4xx_HAL_Driver/Src/stm32f4xx_hal.o
 .debug_macro   0x00001104      0x1df Drivers/STM32F4xx_HAL_Driver/Src/stm32f4xx_hal.o
 .debug_macro   0x000012e3       0x35 Drivers/STM32F4xx_HAL_Driver/Src/stm32f4xx_hal.o
 .debug_macro   0x00001318       0x50 Drivers/STM32F4xx_HAL_Driver/Src/stm32f4xx_hal.o
 .debug_macro   0x00001368      0xe66 Drivers/STM32F4xx_HAL_Driver/Src/stm32f4xx_hal.o
 .debug_macro   0x000021ce    0x1661c Drivers/STM32F4xx_HAL_Driver/Src/stm32f4xx_hal.o
 .debug_macro   0x000187ea       0x43 Drivers/STM32F4xx_HAL_Driver/Src/stm32f4xx_hal.o
 .debug_macro   0x0001882d     0x347f Drivers/STM32F4xx_HAL_Driver/Src/stm32f4xx_hal.o
 .debug_macro   0x0001bcac       0x52 Drivers/STM32F4xx_HAL_Driver/Src/stm32f4xx_hal.o
 .debug_macro   0x0001bcfe       0x35 Drivers/STM32F4xx_HAL_Driver/Src/stm32f4xx_hal.o
 .debug_macro   0x0001bd33       0x9c Drivers/STM32F4xx_HAL_Driver/Src/stm32f4xx_hal.o
 .debug_macro   0x0001bdcf       0x16 Drivers/STM32F4xx_HAL_Driver/Src/stm32f4xx_hal.o
 .debug_macro   0x0001bde5       0x97 Drivers/STM32F4xx_HAL_Driver/Src/stm32f4xx_hal.o
 .debug_macro   0x0001be7c      0x30d Drivers/STM32F4xx_HAL_Driver/Src/stm32f4xx_hal.o
 .debug_macro   0x0001c189       0xfd Drivers/STM32F4xx_HAL_Driver/Src/stm32f4xx_hal.o
 .debug_macro   0x0001c286       0x10 Drivers/STM32F4xx_HAL_Driver/Src/stm32f4xx_hal.o
 .debug_macro   0x0001c296       0x52 Drivers/STM32F4xx_HAL_Driver/Src/stm32f4xx_hal.o
 .debug_macro   0x0001c2e8       0x1f Drivers/STM32F4xx_HAL_Driver/Src/stm32f4xx_hal.o
 .debug_macro   0x0001c307       0x43 Drivers/STM32F4xx_HAL_Driver/Src/stm32f4xx_hal.o
 .debug_macro   0x0001c34a       0x20 Drivers/STM32F4xx_HAL_Driver/Src/stm32f4xx_hal.o
 .debug_macro   0x0001c36a      0x187 Drivers/STM32F4xx_HAL_Driver/Src/stm32f4xx_hal.o
 .debug_macro   0x0001c4f1       0x10 Drivers/STM32F4xx_HAL_Driver/Src/stm32f4xx_hal.o
 .debug_macro   0x0001c501       0x1c Drivers/STM32F4xx_HAL_Driver/Src/stm32f4xx_hal.o
 .debug_macro   0x0001c51d       0x52 Drivers/STM32F4xx_HAL_Driver/Src/stm32f4xx_hal.o
 .debug_macro   0x0001c56f       0x40 Drivers/STM32F4xx_HAL_Driver/Src/stm32f4xx_hal.o
 .debug_macro   0x0001c5af       0x10 Drivers/STM32F4xx_HAL_Driver/Src/stm32f4xx_hal.o
 .debug_macro   0x0001c5bf       0x40 Drivers/STM32F4xx_HAL_Driver/Src/stm32f4xx_hal.o
 .debug_macro   0x0001c5ff       0xd7 Drivers/STM32F4xx_HAL_Driver/Src/stm32f4xx_hal.o
 .debug_macro   0x0001c6d6       0x16 Drivers/STM32F4xx_HAL_Driver/Src/stm32f4xx_hal.o
 .debug_macro   0x0001c6ec      0x18b Drivers/STM32F4xx_HAL_Driver/Src/stm32f4xx_hal.o
 .debug_macro   0x0001c877       0x50 Drivers/STM32F4xx_HAL_Driver/Src/stm32f4xx_hal.o
 .debug_macro   0x0001c8c7      0xc9e Drivers/STM32F4xx_HAL_Driver/Src/stm32f4xx_hal.o
 .debug_macro   0x0001d565      0x9e1 Drivers/STM32F4xx_HAL_Driver/Src/stm32f4xx_hal.o
 .debug_macro   0x0001df46      0x11e Drivers/STM32F4xx_HAL_Driver/Src/stm32f4xx_hal.o
 .debug_macro   0x0001e064      0x1a0 Drivers/STM32F4xx_HAL_Driver/Src/stm32f4xx_hal.o
 .debug_macro   0x0001e204       0x27 Drivers/STM32F4xx_HAL_Driver/Src/stm32f4xx_hal.o
 .debug_macro   0x0001e22b      0x287 Drivers/STM32F4xx_HAL_Driver/Src/stm32f4xx_hal.o
 .debug_macro   0x0001e4b2       0x5f Drivers/STM32F4xx_HAL_Driver/Src/stm32f4xx_hal.o
 .debug_macro   0x0001e511      0x23a Drivers/STM32F4xx_HAL_Driver/Src/stm32f4xx_hal.o
 .debug_macro   0x0001e74b      0x13a Drivers/STM32F4xx_HAL_Driver/Src/stm32f4xx_hal.o
 .debug_macro   0x0001e885      0x29c Drivers/STM32F4xx_HAL_Driver/Src/stm32f4xx_hal.o
 .debug_macro   0x0001eb21       0x2e Drivers/STM32F4xx_HAL_Driver/Src/stm32f4xx_hal.o
 .debug_macro   0x0001eb4f      0x11e Drivers/STM32F4xx_HAL_Driver/Src/stm32f4xx_hal.o
 .debug_macro   0x0001ec6d       0xe8 Drivers/STM32F4xx_HAL_Driver/Src/stm32f4xx_hal.o
 .debug_macro   0x0001ed55       0x89 Drivers/STM32F4xx_HAL_Driver/Src/stm32f4xx_hal.o
 .debug_macro   0x0001edde      0x6d9 Drivers/STM32F4xx_HAL_Driver/Src/stm32f4xx_hal.o
 .debug_macro   0x0001f4b7       0x62 Drivers/STM32F4xx_HAL_Driver/Src/stm32f4xx_hal.o
 .debug_macro   0x0001f519      0x14d Drivers/STM32F4xx_HAL_Driver/Src/stm32f4xx_hal.o
 .debug_macro   0x0001f666      0x287 Drivers/STM32F4xx_HAL_Driver/Src/stm32f4xx_hal.o
 .debug_macro   0x0001f8ed      0x11e Drivers/STM32F4xx_HAL_Driver/Src/stm32f4xx_hal.o
 .debug_macro   0x0001fa0b      0x30e Drivers/STM32F4xx_HAL_Driver/Src/stm32f4xx_hal_cortex.o
 .debug_macro   0x0001fd19      0x315 Drivers/STM32F4xx_HAL_Driver/Src/stm32f4xx_hal_dma.o
 .debug_macro   0x0002002e      0x346 Drivers/STM32F4xx_HAL_Driver/Src/stm32f4xx_hal_gpio.o
 .debug_macro   0x00020374      0x338 Drivers/STM32F4xx_HAL_Driver/Src/stm32f4xx_hal_rcc.o
 .debug_macro   0x000206ac      0x30e Drivers/STM32F4xx_HAL_Driver/Src/stm32f4xx_hal_rcc_ex.o
 .debug_macro   0x000209ba      0x30f Drivers/STM32F4xx_HAL_Driver/Src/stm32f4xx_hal_tim.o
 .debug_macro   0x00020cc9      0x30e Drivers/STM32F4xx_HAL_Driver/Src/stm32f4xx_hal_tim_ex.o
 .debug_macro   0x00020fd7      0x30f Drivers/STM32F4xx_HAL_Driver/Src/stm32f4xx_hal_uart.o
 .debug_macro   0x000212e6      0x1f6 Middlewares/Third_Party/FreeRTOS/Source/CMSIS_RTOS/cmsis_os.o
 .debug_macro   0x000214dc       0x4c Middlewares/Third_Party/FreeRTOS/Source/CMSIS_RTOS/cmsis_os.o
 .debug_macro   0x00021528       0x8d Middlewares/Third_Party/FreeRTOS/Source/CMSIS_RTOS/cmsis_os.o
 .debug_macro   0x000215b5      0x174 Middlewares/Third_Party/FreeRTOS/Source/CMSIS_RTOS/cmsis_os.o
 .debug_macro   0x00021729       0x4a Middlewares/Third_Party/FreeRTOS/Source/CMSIS_RTOS/cmsis_os.o
 .debug_macro   0x00021773       0x10 Middlewares/Third_Party/FreeRTOS/Source/CMSIS_RTOS/cmsis_os.o
 .debug_macro   0x00021783       0x35 Middlewares/Third_Party/FreeRTOS/Source/CMSIS_RTOS/cmsis_os.o
 .debug_macro   0x000217b8       0x16 Middlewares/Third_Party/FreeRTOS/Source/CMSIS_RTOS/cmsis_os.o
 .debug_macro   0x000217ce       0x26 Middlewares/Third_Party/FreeRTOS/Source/CMSIS_RTOS/cmsis_os.o
 .debug_macro   0x000217f4       0xc6 Middlewares/Third_Party/FreeRTOS/Source/CMSIS_RTOS/cmsis_os.o
 .debug_macro   0x000218ba      0x15d Middlewares/Third_Party/FreeRTOS/Source/CMSIS_RTOS/cmsis_os.o
 .debug_macro   0x00021a17       0xe4 Middlewares/Third_Party/FreeRTOS/Source/CMSIS_RTOS/cmsis_os.o
 .debug_macro   0x00021afb       0x10 Middlewares/Third_Party/FreeRTOS/Source/CMSIS_RTOS/cmsis_os.o
 .debug_macro   0x00021b0b       0x1f Middlewares/Third_Party/FreeRTOS/Source/CMSIS_RTOS/cmsis_os.o
 .debug_macro   0x00021b2a      0x3f4 Middlewares/Third_Party/FreeRTOS/Source/CMSIS_RTOS/cmsis_os.o
 .debug_macro   0x00021f1e       0xc0 Middlewares/Third_Party/FreeRTOS/Source/CMSIS_RTOS/cmsis_os.o
 .debug_macro   0x00021fde       0x9a Middlewares/Third_Party/FreeRTOS/Source/CMSIS_RTOS/cmsis_os.o
 .debug_macro   0x00022078       0x91 Middlewares/Third_Party/FreeRTOS/Source/CMSIS_RTOS/cmsis_os.o
 .debug_macro   0x00022109       0xb0 Middlewares/Third_Party/FreeRTOS/Source/CMSIS_RTOS/cmsis_os.o
 .debug_macro   0x000221b9       0x7f Middlewares/Third_Party/FreeRTOS/Source/CMSIS_RTOS/cmsis_os.o
 .debug_macro   0x00022238       0xcf Middlewares/Third_Party/FreeRTOS/Source/CMSIS_RTOS/cmsis_os.o
 .debug_macro   0x00022307      0x18b Middlewares/Third_Party/FreeRTOS/Source/list.o
 .debug_macro   0x00022492      0x243 Middlewares/Third_Party/FreeRTOS/Source/tasks.o
 .debug_macro   0x000226d5       0x11 Middlewares/Third_Party/FreeRTOS/Source/tasks.o
 .debug_macro   0x000226e6      0x1a6 Middlewares/Third_Party/FreeRTOS/Source/portable/GCC/ARM_CM4F/port.o
 .debug_macro   0x0002288c      0x1b2 Middlewares/Third_Party/FreeRTOS/Source/portable/MemMang/heap_4.o
 .debug_macro   0x00022a3e      0x30e Src/lcd.o
 .debug_macro   0x00022d4c      0x3e5 Src/main.o
 .debug_macro   0x00023131       0xcc Src/main.o
 .debug_macro   0x000231fd      0x30e Src/stm32f4xx_hal_msp.o
 .debug_macro   0x0002350b      0x30e Src/stm32f4xx_hal_timebase_TIM.o
 .debug_macro   0x00023819      0x3db Src/stm32f4xx_it.o
 .debug_macro   0x00023bf4      0x314 Src/system_stm32f4xx.o

.debug_line     0x00000000     0xc731
 .debug_line    0x00000000      0x896 Drivers/STM32F4xx_HAL_Driver/Src/stm32f4xx_hal.o
 .debug_line    0x00000896      0x90b Drivers/STM32F4xx_HAL_Driver/Src/stm32f4xx_hal_cortex.o
 .debug_line    0x000011a1      0xa26 Drivers/STM32F4xx_HAL_Driver/Src/stm32f4xx_hal_dma.o
 .debug_line    0x00001bc7      0x8d8 Drivers/STM32F4xx_HAL_Driver/Src/stm32f4xx_hal_gpio.o
 .debug_line    0x0000249f      0xa44 Drivers/STM32F4xx_HAL_Driver/Src/stm32f4xx_hal_rcc.o
 .debug_line    0x00002ee3      0xcf4 Drivers/STM32F4xx_HAL_Driver/Src/stm32f4xx_hal_rcc_ex.o
 .debug_line    0x00003bd7     0x156a Drivers/STM32F4xx_HAL_Driver/Src/stm32f4xx_hal_tim.o
 .debug_line    0x00005141      0xb05 Drivers/STM32F4xx_HAL_Driver/Src/stm32f4xx_hal_tim_ex.o
 .debug_line    0x00005c46      0xfe4 Drivers/STM32F4xx_HAL_Driver/Src/stm32f4xx_hal_uart.o
 .debug_line    0x00006c2a      0xa78 Middlewares/Third_Party/FreeRTOS/Source/CMSIS_RTOS/cmsis_os.o
 .debug_line    0x000076a2      0x50b Middlewares/Third_Party/FreeRTOS/Source/list.o
 .debug_line    0x00007bad      0xdc4 Middlewares/Third_Party/FreeRTOS/Source/tasks.o
 .debug_line    0x00008971      0x596 Middlewares/Third_Party/FreeRTOS/Source/portable/GCC/ARM_CM4F/port.o
 .debug_line    0x00008f07      0x5c4 Middlewares/Third_Party/FreeRTOS/Source/portable/MemMang/heap_4.o
 .debug_line    0x000094cb      0x7cb Src/lcd.o
 .debug_line    0x00009c96      0xadf Src/main.o
 .debug_line    0x0000a775      0x7d5 Src/stm32f4xx_hal_msp.o
 .debug_line    0x0000af4a      0x74c Src/stm32f4xx_hal_timebase_TIM.o
 .debug_line    0x0000b696      0x8e4 Src/stm32f4xx_it.o
 .debug_line    0x0000bf7a      0x738 Src/system_stm32f4xx.o
 .debug_line    0x0000c6b2       0x7f startup/startup_stm32f446xx.o

.debug_str      0x00000000    0xcff5c
 .debug_str     0x00000000    0xc5614 Drivers/STM32F4xx_HAL_Driver/Src/stm32f4xx_hal.o
                              0xc59c5 (size before relaxing)
 .debug_str     0x000c5614      0x378 Drivers/STM32F4xx_HAL_Driver/Src/stm32f4xx_hal_cortex.o
                              0xc5745 (size before relaxing)
 .debug_str     0x000c598c      0x547 Drivers/STM32F4xx_HAL_Driver/Src/stm32f4xx_hal_dma.o
                              0xc52cb (size before relaxing)
 .debug_str     0x000c5ed3      0x2f2 Drivers/STM32F4xx_HAL_Driver/Src/stm32f4xx_hal_gpio.o
                              0xc5153 (size before relaxing)
 .debug_str     0x000c61c5      0x393 Drivers/STM32F4xx_HAL_Driver/Src/stm32f4xx_hal_rcc.o
                              0xc52e7 (size before relaxing)
 .debug_str     0x000c6558      0x2bc Drivers/STM32F4xx_HAL_Driver/Src/stm32f4xx_hal_rcc_ex.o
                              0xc5276 (size before relaxing)
 .debug_str     0x000c6814      0xc00 Drivers/STM32F4xx_HAL_Driver/Src/stm32f4xx_hal_tim.o
                              0xc5c3c (size before relaxing)
 .debug_str     0x000c7414      0x419 Drivers/STM32F4xx_HAL_Driver/Src/stm32f4xx_hal_tim_ex.o
                              0xc568b (size before relaxing)
 .debug_str     0x000c782d      0x600 Drivers/STM32F4xx_HAL_Driver/Src/stm32f4xx_hal_uart.o
                              0xc5632 (size before relaxing)
 .debug_str     0x000c7e2d     0x5fae Middlewares/Third_Party/FreeRTOS/Source/CMSIS_RTOS/cmsis_os.o
                               0xc266 (size before relaxing)
 .debug_str     0x000cdddb      0x22a Middlewares/Third_Party/FreeRTOS/Source/list.o
                               0x91fa (size before relaxing)
 .debug_str     0x000ce005     0x1054 Middlewares/Third_Party/FreeRTOS/Source/tasks.o
                               0xb401 (size before relaxing)
 .debug_str     0x000cf059      0x744 Middlewares/Third_Party/FreeRTOS/Source/portable/GCC/ARM_CM4F/port.o
                               0x7979 (size before relaxing)
 .debug_str     0x000cf79d      0x243 Middlewares/Third_Party/FreeRTOS/Source/portable/MemMang/heap_4.o
                               0x9aec (size before relaxing)
 .debug_str     0x000cf9e0       0x68 Src/lcd.o
                              0xc4da9 (size before relaxing)
 .debug_str     0x000cfa48      0x35b Src/main.o
                              0xcb8e5 (size before relaxing)
 .debug_str     0x000cfda3       0x81 Src/stm32f4xx_hal_msp.o
                              0xc5ac0 (size before relaxing)
 .debug_str     0x000cfe24       0x62 Src/stm32f4xx_hal_timebase_TIM.o
                              0xc58d0 (size before relaxing)
 .debug_str     0x000cfe86       0x6e Src/stm32f4xx_it.o
                              0xca720 (size before relaxing)
 .debug_str     0x000cfef4       0x68 Src/system_stm32f4xx.o
                              0xc4edb (size before relaxing)

.comment        0x00000000       0x6e
 .comment       0x00000000       0x6e Drivers/STM32F4xx_HAL_Driver/Src/stm32f4xx_hal.o
                                 0x6f (size before relaxing)
 .comment       0x0000006e       0x6f Drivers/STM32F4xx_HAL_Driver/Src/stm32f4xx_hal_cortex.o
 .comment       0x0000006e       0x6f Drivers/STM32F4xx_HAL_Driver/Src/stm32f4xx_hal_dma.o
 .comment       0x0000006e       0x6f Drivers/STM32F4xx_HAL_Driver/Src/stm32f4xx_hal_gpio.o
 .comment       0x0000006e       0x6f Drivers/STM32F4xx_HAL_Driver/Src/stm32f4xx_hal_rcc.o
 .comment       0x0000006e       0x6f Drivers/STM32F4xx_HAL_Driver/Src/stm32f4xx_hal_rcc_ex.o
 .comment       0x0000006e       0x6f Drivers/STM32F4xx_HAL_Driver/Src/stm32f4xx_hal_tim.o
 .comment       0x0000006e       0x6f Drivers/STM32F4xx_HAL_Driver/Src/stm32f4xx_hal_tim_ex.o
 .comment       0x0000006e       0x6f Drivers/STM32F4xx_HAL_Driver/Src/stm32f4xx_hal_uart.o
 .comment       0x0000006e       0x6f Middlewares/Third_Party/FreeRTOS/Source/CMSIS_RTOS/cmsis_os.o
 .comment       0x0000006e       0x6f Middlewares/Third_Party/FreeRTOS/Source/list.o
 .comment       0x0000006e       0x6f Middlewares/Third_Party/FreeRTOS/Source/tasks.o
 .comment       0x0000006e       0x6f Middlewares/Third_Party/FreeRTOS/Source/portable/GCC/ARM_CM4F/port.o
 .comment       0x0000006e       0x6f Middlewares/Third_Party/FreeRTOS/Source/portable/MemMang/heap_4.o
 .comment       0x0000006e       0x6f Src/lcd.o
 .comment       0x0000006e       0x6f Src/main.o
 .comment       0x0000006e       0x6f Src/stm32f4xx_hal_msp.o
 .comment       0x0000006e       0x6f Src/stm32f4xx_hal_timebase_TIM.o
 .comment       0x0000006e       0x6f Src/stm32f4xx_it.o
 .comment       0x0000006e       0x6f Src/system_stm32f4xx.o

.debug_frame    0x00000000     0x2a28
 .debug_frame   0x00000000      0x184 Drivers/STM32F4xx_HAL_Driver/Src/stm32f4xx_hal.o
 .debug_frame   0x00000184      0x130 Drivers/STM32F4xx_HAL_Driver/Src/stm32f4xx_hal_cortex.o
 .debug_frame   0x000002b4      0x150 Drivers/STM32F4xx_HAL_Driver/Src/stm32f4xx_hal_dma.o
 .debug_frame   0x00000404       0xd4 Drivers/STM32F4xx_HAL_Driver/Src/stm32f4xx_hal_gpio.o
 .debug_frame   0x000004d8      0x138 Drivers/STM32F4xx_HAL_Driver/Src/stm32f4xx_hal_rcc.o
 .debug_frame   0x00000610       0xd8 Drivers/STM32F4xx_HAL_Driver/Src/stm32f4xx_hal_rcc_ex.o
 .debug_frame   0x000006e8      0x854 Drivers/STM32F4xx_HAL_Driver/Src/stm32f4xx_hal_tim.o
 .debug_frame   0x00000f3c      0x334 Drivers/STM32F4xx_HAL_Driver/Src/stm32f4xx_hal_tim_ex.o
 .debug_frame   0x00001270      0x494 Drivers/STM32F4xx_HAL_Driver/Src/stm32f4xx_hal_uart.o
 .debug_frame   0x00001704      0x460 Middlewares/Third_Party/FreeRTOS/Source/CMSIS_RTOS/cmsis_os.o
 .debug_frame   0x00001b64       0x6c Middlewares/Third_Party/FreeRTOS/Source/list.o
 .debug_frame   0x00001bd0      0x57c Middlewares/Third_Party/FreeRTOS/Source/tasks.o
 .debug_frame   0x0000214c       0xf0 Middlewares/Third_Party/FreeRTOS/Source/portable/GCC/ARM_CM4F/port.o
 .debug_frame   0x0000223c       0xa4 Middlewares/Third_Party/FreeRTOS/Source/portable/MemMang/heap_4.o
 .debug_frame   0x000022e0      0x108 Src/lcd.o
 .debug_frame   0x000023e8      0x10c Src/main.o
 .debug_frame   0x000024f4       0xb4 Src/stm32f4xx_hal_msp.o
 .debug_frame   0x000025a8       0x50 Src/stm32f4xx_hal_timebase_TIM.o
 .debug_frame   0x000025f8       0x4c Src/stm32f4xx_it.o
 .debug_frame   0x00002644       0x30 Src/system_stm32f4xx.o
 .debug_frame   0x00002674       0x2c c:/st/eclipse/plugins/fr.ac6.mcu.externaltools.arm-none.win32_1.13.2.201703061525/tools/compiler/bin/../lib/gcc/arm-none-eabi/5.4.1/../../../../arm-none-eabi/lib/armv7e-m/fpu\libc_nano.a(lib_a-init.o)
 .debug_frame   0x000026a0       0x28 c:/st/eclipse/plugins/fr.ac6.mcu.externaltools.arm-none.win32_1.13.2.201703061525/tools/compiler/bin/../lib/gcc/arm-none-eabi/5.4.1/../../../../arm-none-eabi/lib/armv7e-m/fpu\libc_nano.a(lib_a-memcpy-stub.o)
 .debug_frame   0x000026c8       0x20 c:/st/eclipse/plugins/fr.ac6.mcu.externaltools.arm-none.win32_1.13.2.201703061525/tools/compiler/bin/../lib/gcc/arm-none-eabi/5.4.1/../../../../arm-none-eabi/lib/armv7e-m/fpu\libc_nano.a(lib_a-memset.o)
 .debug_frame   0x000026e8       0x70 c:/st/eclipse/plugins/fr.ac6.mcu.externaltools.arm-none.win32_1.13.2.201703061525/tools/compiler/bin/../lib/gcc/arm-none-eabi/5.4.1/../../../../arm-none-eabi/lib/armv7e-m/fpu\libc_nano.a(lib_a-sprintf.o)
 .debug_frame   0x00002758       0x20 c:/st/eclipse/plugins/fr.ac6.mcu.externaltools.arm-none.win32_1.13.2.201703061525/tools/compiler/bin/../lib/gcc/arm-none-eabi/5.4.1/../../../../arm-none-eabi/lib/armv7e-m/fpu\libc_nano.a(lib_a-strcpy.o)
 .debug_frame   0x00002778       0x90 c:/st/eclipse/plugins/fr.ac6.mcu.externaltools.arm-none.win32_1.13.2.201703061525/tools/compiler/bin/../lib/gcc/arm-none-eabi/5.4.1/../../../../arm-none-eabi/lib/armv7e-m/fpu\libc_nano.a(lib_a-nano-svfprintf.o)
 .debug_frame   0x00002808       0x60 c:/st/eclipse/plugins/fr.ac6.mcu.externaltools.arm-none.win32_1.13.2.201703061525/tools/compiler/bin/../lib/gcc/arm-none-eabi/5.4.1/../../../../arm-none-eabi/lib/armv7e-m/fpu\libc_nano.a(lib_a-nano-vfprintf_i.o)
 .debug_frame   0x00002868       0x28 c:/st/eclipse/plugins/fr.ac6.mcu.externaltools.arm-none.win32_1.13.2.201703061525/tools/compiler/bin/../lib/gcc/arm-none-eabi/5.4.1/../../../../arm-none-eabi/lib/armv7e-m/fpu\libc_nano.a(lib_a-memmove.o)
 .debug_frame   0x00002890       0x38 c:/st/eclipse/plugins/fr.ac6.mcu.externaltools.arm-none.win32_1.13.2.201703061525/tools/compiler/bin/../lib/gcc/arm-none-eabi/5.4.1/../../../../arm-none-eabi/lib/armv7e-m/fpu\libc_nano.a(lib_a-nano-freer.o)
 .debug_frame   0x000028c8       0x2c c:/st/eclipse/plugins/fr.ac6.mcu.externaltools.arm-none.win32_1.13.2.201703061525/tools/compiler/bin/../lib/gcc/arm-none-eabi/5.4.1/../../../../arm-none-eabi/lib/armv7e-m/fpu\libc_nano.a(lib_a-nano-mallocr.o)
 .debug_frame   0x000028f4       0x3c c:/st/eclipse/plugins/fr.ac6.mcu.externaltools.arm-none.win32_1.13.2.201703061525/tools/compiler/bin/../lib/gcc/arm-none-eabi/5.4.1/../../../../arm-none-eabi/lib/armv7e-m/fpu\libc_nano.a(lib_a-nano-reallocr.o)
 .debug_frame   0x00002930       0x2c c:/st/eclipse/plugins/fr.ac6.mcu.externaltools.arm-none.win32_1.13.2.201703061525/tools/compiler/bin/../lib/gcc/arm-none-eabi/5.4.1/../../../../arm-none-eabi/lib/armv7e-m/fpu\libc_nano.a(lib_a-sbrkr.o)
 .debug_frame   0x0000295c       0x30 c:/st/eclipse/plugins/fr.ac6.mcu.externaltools.arm-none.win32_1.13.2.201703061525/tools/compiler/bin/../lib/gcc/arm-none-eabi/5.4.1/../../../../arm-none-eabi/lib/armv7e-m/fpu\libc_nano.a(lib_a-mlock.o)
 .debug_frame   0x0000298c       0x20 c:/st/eclipse/plugins/fr.ac6.mcu.externaltools.arm-none.win32_1.13.2.201703061525/tools/compiler/bin/../lib/gcc/arm-none-eabi/5.4.1/../../../../arm-none-eabi/lib/armv7e-m/fpu\libc_nano.a(lib_a-nano-msizer.o)
 .debug_frame   0x000029ac       0x5c c:/st/eclipse/plugins/fr.ac6.mcu.externaltools.arm-none.win32_1.13.2.201703061525/tools/compiler/bin/../lib/gcc/arm-none-eabi/5.4.1/../../../../arm-none-eabi/lib/armv7e-m/fpu\libc_nano.a(lib_a-reent.o)
 .debug_frame   0x00002a08       0x20 c:/st/eclipse/plugins/fr.ac6.mcu.externaltools.arm-none.win32_1.13.2.201703061525/tools/compiler/bin/../lib/gcc/arm-none-eabi/5.4.1/../../../../arm-none-eabi/lib/armv7e-m/fpu\libnosys.a(sbrk.o)
